
> be@1.0.0 test
> jest --detectOpenHandles --forceExit

  console.log
    [dotenv@17.2.3] injecting env (7) from .env -- tip: ≡ƒöæ add access controls to secrets: https://dotenvx.com/ops

      at _log (node_modules/dotenv/lib/main.js:142:11)

  console.log
    Γ£à All required environment variables are present

      at log (src/config/environment.js:42:11)

  console.log
    Γ£à Test database connected

      at log (tests/setup.js:17:13)

  console.error
    Error: UnauthorizedError: No token provided
        at verifyToken (C:\Users\ASUS\Desktop\chuyende\BE\src\middleware\auth.js:12:23)
        at Layer.handleRequest (C:\Users\ASUS\Desktop\chuyende\BE\node_modules\router\lib\layer.js:152:17)
        at next (C:\Users\ASUS\Desktop\chuyende\BE\node_modules\router\lib\route.js:157:13)
        at Route.dispatch (C:\Users\ASUS\Desktop\chuyende\BE\node_modules\router\lib\route.js:117:3)
        at handle (C:\Users\ASUS\Desktop\chuyende\BE\node_modules\router\index.js:435:11)
        at Layer.handleRequest (C:\Users\ASUS\Desktop\chuyende\BE\node_modules\router\lib\layer.js:152:17)
        at C:\Users\ASUS\Desktop\chuyende\BE\node_modules\router\index.js:295:15
        at param (C:\Users\ASUS\Desktop\chuyende\BE\node_modules\router\index.js:600:14)
        at param (C:\Users\ASUS\Desktop\chuyende\BE\node_modules\router\index.js:610:14)
        at param (C:\Users\ASUS\Desktop\chuyende\BE\node_modules\router\index.js:610:14)
        at processParams (C:\Users\ASUS\Desktop\chuyende\BE\node_modules\router\index.js:664:3)
        at next (C:\Users\ASUS\Desktop\chuyende\BE\node_modules\router\index.js:291:5)
        at Function.handle (C:\Users\ASUS\Desktop\chuyende\BE\node_modules\router\index.js:186:3)
        at router (C:\Users\ASUS\Desktop\chuyende\BE\node_modules\router\index.js:60:12)
        at Layer.handleRequest (C:\Users\ASUS\Desktop\chuyende\BE\node_modules\router\lib\layer.js:152:17)
        at trimPrefix (C:\Users\ASUS\Desktop\chuyende\BE\node_modules\router\index.js:342:13)
        at C:\Users\ASUS\Desktop\chuyende\BE\node_modules\router\index.js:297:9
        at processParams (C:\Users\ASUS\Desktop\chuyende\BE\node_modules\router\index.js:582:12)
        at next (C:\Users\ASUS\Desktop\chuyende\BE\node_modules\router\index.js:291:5)
        at read (C:\Users\ASUS\Desktop\chuyende\BE\node_modules\body-parser\lib\read.js:54:5)
        at jsonParser (C:\Users\ASUS\Desktop\chuyende\BE\node_modules\body-parser\lib\types\json.js:90:5)
        at Layer.handleRequest (C:\Users\ASUS\Desktop\chuyende\BE\node_modules\router\lib\layer.js:152:17)
        at trimPrefix (C:\Users\ASUS\Desktop\chuyende\BE\node_modules\router\index.js:342:13)
        at C:\Users\ASUS\Desktop\chuyende\BE\node_modules\router\index.js:297:9
        at processParams (C:\Users\ASUS\Desktop\chuyende\BE\node_modules\router\index.js:582:12)
        at next (C:\Users\ASUS\Desktop\chuyende\BE\node_modules\router\index.js:291:5)
        at cors (C:\Users\ASUS\Desktop\chuyende\BE\node_modules\cors\lib\index.js:188:7)
        at C:\Users\ASUS\Desktop\chuyende\BE\node_modules\cors\lib\index.js:224:17
        at originCallback (C:\Users\ASUS\Desktop\chuyende\BE\node_modules\cors\lib\index.js:214:15)
        at C:\Users\ASUS\Desktop\chuyende\BE\node_modules\cors\lib\index.js:219:13
        at optionsCallback (C:\Users\ASUS\Desktop\chuyende\BE\node_modules\cors\lib\index.js:199:9)
        at corsMiddleware (C:\Users\ASUS\Desktop\chuyende\BE\node_modules\cors\lib\index.js:204:7)
        at Layer.handleRequest (C:\Users\ASUS\Desktop\chuyende\BE\node_modules\router\lib\layer.js:152:17)
        at trimPrefix (C:\Users\ASUS\Desktop\chuyende\BE\node_modules\router\index.js:342:13)
        at C:\Users\ASUS\Desktop\chuyende\BE\node_modules\router\index.js:297:9
        at processParams (C:\Users\ASUS\Desktop\chuyende\BE\node_modules\router\index.js:582:12)
        at next (C:\Users\ASUS\Desktop\chuyende\BE\node_modules\router\index.js:291:5)
        at internalNext (C:\Users\ASUS\Desktop\chuyende\BE\node_modules\helmet\index.cjs:537:6)
        at xXssProtectionMiddleware (C:\Users\ASUS\Desktop\chuyende\BE\node_modules\helmet\index.cjs:315:3)
        at internalNext (C:\Users\ASUS\Desktop\chuyende\BE\node_modules\helmet\index.cjs:535:6)
        at xPoweredByMiddleware (C:\Users\ASUS\Desktop\chuyende\BE\node_modules\helmet\index.cjs:308:3)
        at internalNext (C:\Users\ASUS\Desktop\chuyende\BE\node_modules\helmet\index.cjs:535:6)
        at xPermittedCrossDomainPoliciesMiddleware (C:\Users\ASUS\Desktop\chuyende\BE\node_modules\helmet\index.cjs:301:3)
        at internalNext (C:\Users\ASUS\Desktop\chuyende\BE\node_modules\helmet\index.cjs:535:6)
        at xFrameOptionsMiddleware (C:\Users\ASUS\Desktop\chuyende\BE\node_modules\helmet\index.cjs:285:3)
        at internalNext (C:\Users\ASUS\Desktop\chuyende\BE\node_modules\helmet\index.cjs:535:6)
        at xDownloadOptionsMiddleware (C:\Users\ASUS\Desktop\chuyende\BE\node_modules\helmet\index.cjs:265:3)
        at internalNext (C:\Users\ASUS\Desktop\chuyende\BE\node_modules\helmet\index.cjs:535:6)
        at xDnsPrefetchControlMiddleware (C:\Users\ASUS\Desktop\chuyende\BE\node_modules\helmet\index.cjs:258:3)
        at internalNext (C:\Users\ASUS\Desktop\chuyende\BE\node_modules\helmet\index.cjs:535:6)
        at xContentTypeOptionsMiddleware (C:\Users\ASUS\Desktop\chuyende\BE\node_modules\helmet\index.cjs:250:3)
        at internalNext (C:\Users\ASUS\Desktop\chuyende\BE\node_modules\helmet\index.cjs:535:6)
        at strictTransportSecurityMiddleware (C:\Users\ASUS\Desktop\chuyende\BE\node_modules\helmet\index.cjs:243:3)
        at internalNext (C:\Users\ASUS\Desktop\chuyende\BE\node_modules\helmet\index.cjs:535:6)
        at referrerPolicyMiddleware (C:\Users\ASUS\Desktop\chuyende\BE\node_modules\helmet\index.cjs:211:3)
        at internalNext (C:\Users\ASUS\Desktop\chuyende\BE\node_modules\helmet\index.cjs:535:6)
        at originAgentClusterMiddleware (C:\Users\ASUS\Desktop\chuyende\BE\node_modules\helmet\index.cjs:186:3)
        at internalNext (C:\Users\ASUS\Desktop\chuyende\BE\node_modules\helmet\index.cjs:535:6)
        at crossOriginResourcePolicyMiddleware (C:\Users\ASUS\Desktop\chuyende\BE\node_modules\helmet\index.cjs:179:3)
        at internalNext (C:\Users\ASUS\Desktop\chuyende\BE\node_modules\helmet\index.cjs:535:6)
        at crossOriginOpenerPolicyMiddleware (C:\Users\ASUS\Desktop\chuyende\BE\node_modules\helmet\index.cjs:163:3)
        at internalNext (C:\Users\ASUS\Desktop\chuyende\BE\node_modules\helmet\index.cjs:535:6)
        at contentSecurityPolicyMiddleware (C:\Users\ASUS\Desktop\chuyende\BE\node_modules\helmet\index.cjs:128:4)
        at internalNext (C:\Users\ASUS\Desktop\chuyende\BE\node_modules\helmet\index.cjs:535:6)
        at helmetMiddleware (C:\Users\ASUS\Desktop\chuyende\BE\node_modules\helmet\index.cjs:539:6)
        at Layer.handleRequest (C:\Users\ASUS\Desktop\chuyende\BE\node_modules\router\lib\layer.js:152:17)
        at trimPrefix (C:\Users\ASUS\Desktop\chuyende\BE\node_modules\router\index.js:342:13)
        at C:\Users\ASUS\Desktop\chuyende\BE\node_modules\router\index.js:297:9
        at processParams (C:\Users\ASUS\Desktop\chuyende\BE\node_modules\router\index.js:582:12)
        at next (C:\Users\ASUS\Desktop\chuyende\BE\node_modules\router\index.js:291:5)
        at Function.handle (C:\Users\ASUS\Desktop\chuyende\BE\node_modules\router\index.js:186:3)
        at Function.handle (C:\Users\ASUS\Desktop\chuyende\BE\node_modules\express\lib\application.js:177:15)
        at Server.app (C:\Users\ASUS\Desktop\chuyende\BE\node_modules\express\lib\express.js:38:9)
        at Server.emit (node:events:518:28)
        at parserOnIncoming (node:_http_server:1153:12)
        at HTTPParser.parserOnHeadersComplete (node:_http_common:117:17) {
      statusCode: 401,
      errorCode: 'UNAUTHORIZED',
      isOperational: true
    }

    [0m [90m 43 |[39m [90m// Centralized error handler[39m
     [90m 44 |[39m [36mconst[39m errorHandler [33m=[39m (err[33m,[39m _req[33m,[39m res[33m,[39m _next) [33m=>[39m {
    [31m[1m>[22m[39m[90m 45 |[39m   console[33m.[39merror([32m'Error:'[39m[33m,[39m err)[33m;[39m
     [90m    |[39m           [31m[1m^[22m[39m
     [90m 46 |[39m
     [90m 47 |[39m   [90m// Default values[39m
     [90m 48 |[39m   [36mlet[39m statusCode [33m=[39m err[33m.[39mstatusCode [33m||[39m [35m500[39m[33m;[39m[0m

      at error (src/middleware/errorHandler.js:45:11)
      at Layer.handleError (node_modules/router/lib/layer.js:116:17)
      at trimPrefix (node_modules/router/index.js:340:13)
      at node_modules/router/index.js:297:9
      at processParams (node_modules/router/index.js:582:12)
      at next (node_modules/router/index.js:291:5)
      at node_modules/router/index.js:688:15
      at next (node_modules/router/index.js:276:14)
      at next (node_modules/router/lib/route.js:132:14)
      at Layer.handleError (node_modules/router/lib/layer.js:111:12)
      at next (node_modules/router/lib/route.js:155:13)
      at Layer.handleError (node_modules/router/lib/layer.js:111:12)
      at next (node_modules/router/lib/route.js:155:13)
      at Layer.handleError (node_modules/router/lib/layer.js:111:12)
      at next (node_modules/router/lib/route.js:155:13)
      at next (src/middleware/auth.js:24:5)
      at Layer.handleRequest (node_modules/router/lib/layer.js:152:17)
      at next (node_modules/router/lib/route.js:157:13)
      at Route.dispatch (node_modules/router/lib/route.js:117:3)
      at handle (node_modules/router/index.js:435:11)
      at Layer.handleRequest (node_modules/router/lib/layer.js:152:17)
      at node_modules/router/index.js:295:15
      at param (node_modules/router/index.js:600:14)
      at param (node_modules/router/index.js:610:14)
      at param (node_modules/router/index.js:610:14)
      at processParams (node_modules/router/index.js:664:3)
      at next (node_modules/router/index.js:291:5)
      at Function.handle (node_modules/router/index.js:186:3)
      at router (node_modules/router/index.js:60:12)
      at Layer.handleRequest (node_modules/router/lib/layer.js:152:17)
      at trimPrefix (node_modules/router/index.js:342:13)
      at node_modules/router/index.js:297:9
      at processParams (node_modules/router/index.js:582:12)
      at next (node_modules/router/index.js:291:5)
      at read (node_modules/body-parser/lib/read.js:54:5)
      at jsonParser (node_modules/body-parser/lib/types/json.js:90:5)
      at Layer.handleRequest (node_modules/router/lib/layer.js:152:17)
      at trimPrefix (node_modules/router/index.js:342:13)
      at node_modules/router/index.js:297:9
      at processParams (node_modules/router/index.js:582:12)
      at next (node_modules/router/index.js:291:5)
      at cors (node_modules/cors/lib/index.js:188:7)
      at node_modules/cors/lib/index.js:224:17
      at originCallback (node_modules/cors/lib/index.js:214:15)
      at node_modules/cors/lib/index.js:219:13
      at optionsCallback (node_modules/cors/lib/index.js:199:9)
      at corsMiddleware (node_modules/cors/lib/index.js:204:7)
      at Layer.handleRequest (node_modules/router/lib/layer.js:152:17)
      at trimPrefix (node_modules/router/index.js:342:13)
      at node_modules/router/index.js:297:9
      at processParams (node_modules/router/index.js:582:12)
      at next (node_modules/router/index.js:291:5)
      at internalNext (node_modules/helmet/index.cjs:537:6)
      at xXssProtectionMiddleware (node_modules/helmet/index.cjs:315:3)
      at internalNext (node_modules/helmet/index.cjs:535:6)
      at xPoweredByMiddleware (node_modules/helmet/index.cjs:308:3)
      at internalNext (node_modules/helmet/index.cjs:535:6)
      at xPermittedCrossDomainPoliciesMiddleware (node_modules/helmet/index.cjs:301:3)
      at internalNext (node_modules/helmet/index.cjs:535:6)
      at xFrameOptionsMiddleware (node_modules/helmet/index.cjs:285:3)
      at internalNext (node_modules/helmet/index.cjs:535:6)
      at xDownloadOptionsMiddleware (node_modules/helmet/index.cjs:265:3)
      at internalNext (node_modules/helmet/index.cjs:535:6)
      at xDnsPrefetchControlMiddleware (node_modules/helmet/index.cjs:258:3)
      at internalNext (node_modules/helmet/index.cjs:535:6)
      at xContentTypeOptionsMiddleware (node_modules/helmet/index.cjs:250:3)
      at internalNext (node_modules/helmet/index.cjs:535:6)
      at strictTransportSecurityMiddleware (node_modules/helmet/index.cjs:243:3)
      at internalNext (node_modules/helmet/index.cjs:535:6)
      at referrerPolicyMiddleware (node_modules/helmet/index.cjs:211:3)
      at internalNext (node_modules/helmet/index.cjs:535:6)
      at originAgentClusterMiddleware (node_modules/helmet/index.cjs:186:3)
      at internalNext (node_modules/helmet/index.cjs:535:6)
      at crossOriginResourcePolicyMiddleware (node_modules/helmet/index.cjs:179:3)
      at internalNext (node_modules/helmet/index.cjs:535:6)
      at crossOriginOpenerPolicyMiddleware (node_modules/helmet/index.cjs:163:3)
      at internalNext (node_modules/helmet/index.cjs:535:6)
      at contentSecurityPolicyMiddleware (node_modules/helmet/index.cjs:128:4)
      at internalNext (node_modules/helmet/index.cjs:535:6)
      at helmetMiddleware (node_modules/helmet/index.cjs:539:6)
      at Layer.handleRequest (node_modules/router/lib/layer.js:152:17)
      at trimPrefix (node_modules/router/index.js:342:13)
      at node_modules/router/index.js:297:9
      at processParams (node_modules/router/index.js:582:12)
      at next (node_modules/router/index.js:291:5)
      at Function.handle (node_modules/router/index.js:186:3)
      at Function.handle (node_modules/express/lib/application.js:177:15)
      at Server.app (node_modules/express/lib/express.js:38:9)

  console.log
    Γ£à Test database disconnected

      at log (tests/setup.js:30:13)

node.exe : FAIL tests/admin-orders.test.js
At D:\đỗ thành nhơn\nodejs\npm.ps1:29 char:3
+   & $NODE_EXE $NPM_CLI_JS $args
+   ~~~~~~~~~~~~~~~~~~~~~~~~~~~~~
    + CategoryInfo          : NotSpecified: (FAIL tests/admin-orders.test.js:String) [], RemoteException
    + FullyQualifiedErrorId : NativeCommandError
 
  Admin Orders Management Tests
    GET /api/orders/admin/all
      ├ù should return all orders for admin (425 ms)
      ├ù should fail if user is not admin (131 ms)
      ΓêÜ should fail without authentication (136 ms)
      ├ù should return empty array if no orders exist (130 ms)
    Filtering Orders by Status
      ├ù should filter orders by status (257 ms)
      ├ù should filter orders by payment status (255 ms)
    PUT /api/orders/:orderId/status
      ├ù should update order status successfully (129 ms)
      ├ù should support all order statuses (132 ms)
      ├ù should rollback stock when cancelling order (129 ms)
      ├ù should fail if non-admin tries to update status (136 ms)
      ├ù should fail with invalid order ID (136 ms)
      ├ù should fail with non-existent order (131 ms)
    PUT /api/orders/:orderId/payment
      ├ù should update payment status successfully (130 ms)
      ├ù should support all payment statuses (130 ms)
      ├ù should fail if non-admin tries to update payment (128 ms)
      ├ù should fail with invalid order ID (132 ms)
      ├ù should fail with non-existent order (128 ms)
    Order Status Transitions
      ├ù should track order status flow: pending -> confirmed -> shipped -> delivered (130 ms)

  ΓùÅ Admin Orders Management Tests ΓÇ║ GET /api/orders/admin/all ΓÇ║ should return all orders for admin

    expect(received).toBe(expected) // Object.is equality

    Expected: 200
    Received: 400

    [0m [90m 88 |[39m         [33m.[39m[36mset[39m([32m'Authorization'[39m[33m,[39m [32m`Bearer 
${adminUser.tokens.accessToken}`[39m)[33m;[39m
     [90m 89 |[39m
    [31m[1m>[22m[39m[90m 90 |[39m       
expect(res[33m.[39mstatus)[33m.[39mtoBe([35m200[39m)[33m;[39m
     [90m    |[39m                          [31m[1m^[22m[39m
     [90m 91 |[39m       expect(res[33m.[39mbody[33m.[39msuccess)[33m.[39mtoBe([36mtrue[39m)[33m;[39m
     [90m 92 |[39m       expect(res[33m.[39mbody[33m.[39mdata[33m.[39morders[33m.[39mlength)[33m.[39m
toBe([35m3[39m)[33m;[39m
     [90m 93 |[39m     })[33m;[39m[0m

      at Object.toBe (tests/admin-orders.test.js:90:26)

  ΓùÅ Admin Orders Management Tests ΓÇ║ GET /api/orders/admin/all ΓÇ║ should fail if user is not admin

    expect(received).toBe(expected) // Object.is equality

    Expected: 403
    Received: 400

    [0m [90m  98 |[39m         [33m.[39m[36mset[39m([32m'Authorization'[39m[33m,[39m [32m`Bearer 
${regularUser.tokens.accessToken}`[39m)[33m;[39m
     [90m  99 |[39m
    [31m[1m>[22m[39m[90m 100 |[39m       
expect(res[33m.[39mstatus)[33m.[39mtoBe([35m403[39m)[33m;[39m
     [90m     |[39m                          [31m[1m^[22m[39m
     [90m 101 |[39m       
expect(res[33m.[39mbody[33m.[39msuccess)[33m.[39mtoBe([36mfalse[39m)[33m;[39m
     [90m 102 |[39m       
expect(res[33m.[39mbody[33m.[39merror[33m.[39mcode)[33m.[39mtoBe([32m'FORBIDDEN'[39m)[33m;[39m
     [90m 103 |[39m     })[33m;[39m[0m

      at Object.toBe (tests/admin-orders.test.js:100:26)

  ΓùÅ Admin Orders Management Tests ΓÇ║ GET /api/orders/admin/all ΓÇ║ should return empty array if no orders 
exist

    expect(received).toBe(expected) // Object.is equality

    Expected: 200
    Received: 400

    [0m [90m 116 |[39m         [33m.[39m[36mset[39m([32m'Authorization'[39m[33m,[39m [32m`Bearer 
${adminUser.tokens.accessToken}`[39m)[33m;[39m
     [90m 117 |[39m
    [31m[1m>[22m[39m[90m 118 |[39m       
expect(res[33m.[39mstatus)[33m.[39mtoBe([35m200[39m)[33m;[39m
     [90m     |[39m                          [31m[1m^[22m[39m
     [90m 119 |[39m       
expect(res[33m.[39mbody[33m.[39msuccess)[33m.[39mtoBe([36mtrue[39m)[33m;[39m
     [90m 120 |[39m       
expect(res[33m.[39mbody[33m.[39mdata[33m.[39morders)[33m.[39mtoEqual([])[33m;[39m
     [90m 121 |[39m     })[33m;[39m[0m

      at Object.toBe (tests/admin-orders.test.js:118:26)

  ΓùÅ Admin Orders Management Tests ΓÇ║ Filtering Orders by Status ΓÇ║ should filter orders by status

    TypeError: Cannot read properties of undefined (reading 'order')

    [0m [90m 154 |[39m         })[33m;[39m
     [90m 155 |[39m
    [31m[1m>[22m[39m[90m 156 |[39m       [36mconst[39m order2Id [33m=[39m 
order2Res[33m.[39mbody[33m.[39mdata[33m.[39morder[33m.[39m_id[33m;[39m
     [90m     |[39m                                            [31m[1m^[22m[39m
     [90m 157 |[39m       [36mconst[39m order2 [33m=[39m [36mawait[39m 
[33mOrder[39m[33m.[39mfindById(order2Id)[33m;[39m
     [90m 158 |[39m       order2[33m.[39morderStatus [33m=[39m [32m'shipped'[39m[33m;[39m
     [90m 159 |[39m       [36mawait[39m order2[33m.[39msave()[33m;[39m[0m

      at Object.order (tests/admin-orders.test.js:156:44)

  ΓùÅ Admin Orders Management Tests ΓÇ║ Filtering Orders by Status ΓÇ║ should filter orders by payment status

    TypeError: Cannot read properties of undefined (reading 'order')

    [0m [90m 154 |[39m         })[33m;[39m
     [90m 155 |[39m
    [31m[1m>[22m[39m[90m 156 |[39m       [36mconst[39m order2Id [33m=[39m 
order2Res[33m.[39mbody[33m.[39mdata[33m.[39morder[33m.[39m_id[33m;[39m
     [90m     |[39m                                            [31m[1m^[22m[39m
     [90m 157 |[39m       [36mconst[39m order2 [33m=[39m [36mawait[39m 
[33mOrder[39m[33m.[39mfindById(order2Id)[33m;[39m
     [90m 158 |[39m       order2[33m.[39morderStatus [33m=[39m [32m'shipped'[39m[33m;[39m
     [90m 159 |[39m       [36mawait[39m order2[33m.[39msave()[33m;[39m[0m

      at Object.order (tests/admin-orders.test.js:156:44)

  ΓùÅ Admin Orders Management Tests ΓÇ║ PUT /api/orders/:orderId/status ΓÇ║ should update order status 
successfully

    TypeError: Cannot read properties of undefined (reading 'order')

    [0m [90m 208 |[39m         })[33m;[39m
     [90m 209 |[39m
    [31m[1m>[22m[39m[90m 210 |[39m       testOrder [33m=[39m 
checkoutRes[33m.[39mbody[33m.[39mdata[33m.[39morder[33m;[39m
     [90m     |[39m                                         [31m[1m^[22m[39m
     [90m 211 |[39m     })[33m;[39m
     [90m 212 |[39m
     [90m 213 |[39m     it([32m'should update order status successfully'[39m[33m,[39m [36masync[39m () 
[33m=>[39m {[0m

      at Object.order (tests/admin-orders.test.js:210:41)

  ΓùÅ Admin Orders Management Tests ΓÇ║ PUT /api/orders/:orderId/status ΓÇ║ should support all order statuses

    TypeError: Cannot read properties of undefined (reading 'order')

    [0m [90m 208 |[39m         })[33m;[39m
     [90m 209 |[39m
    [31m[1m>[22m[39m[90m 210 |[39m       testOrder [33m=[39m 
checkoutRes[33m.[39mbody[33m.[39mdata[33m.[39morder[33m;[39m
     [90m     |[39m                                         [31m[1m^[22m[39m
     [90m 211 |[39m     })[33m;[39m
     [90m 212 |[39m
     [90m 213 |[39m     it([32m'should update order status successfully'[39m[33m,[39m [36masync[39m () 
[33m=>[39m {[0m

      at Object.order (tests/admin-orders.test.js:210:41)

  ΓùÅ Admin Orders Management Tests ΓÇ║ PUT /api/orders/:orderId/status ΓÇ║ should rollback stock when 
cancelling order

    TypeError: Cannot read properties of undefined (reading 'order')

    [0m [90m 208 |[39m         })[33m;[39m
     [90m 209 |[39m
    [31m[1m>[22m[39m[90m 210 |[39m       testOrder [33m=[39m 
checkoutRes[33m.[39mbody[33m.[39mdata[33m.[39morder[33m;[39m
     [90m     |[39m                                         [31m[1m^[22m[39m
     [90m 211 |[39m     })[33m;[39m
     [90m 212 |[39m
     [90m 213 |[39m     it([32m'should update order status successfully'[39m[33m,[39m [36masync[39m () 
[33m=>[39m {[0m

      at Object.order (tests/admin-orders.test.js:210:41)

  ΓùÅ Admin Orders Management Tests ΓÇ║ PUT /api/orders/:orderId/status ΓÇ║ should fail if non-admin tries to 
update status

    TypeError: Cannot read properties of undefined (reading 'order')

    [0m [90m 208 |[39m         })[33m;[39m
     [90m 209 |[39m
    [31m[1m>[22m[39m[90m 210 |[39m       testOrder [33m=[39m 
checkoutRes[33m.[39mbody[33m.[39mdata[33m.[39morder[33m;[39m
     [90m     |[39m                                         [31m[1m^[22m[39m
     [90m 211 |[39m     })[33m;[39m
     [90m 212 |[39m
     [90m 213 |[39m     it([32m'should update order status successfully'[39m[33m,[39m [36masync[39m () 
[33m=>[39m {[0m

      at Object.order (tests/admin-orders.test.js:210:41)

  ΓùÅ Admin Orders Management Tests ΓÇ║ PUT /api/orders/:orderId/status ΓÇ║ should fail with invalid order ID

    TypeError: Cannot read properties of undefined (reading 'order')

    [0m [90m 208 |[39m         })[33m;[39m
     [90m 209 |[39m
    [31m[1m>[22m[39m[90m 210 |[39m       testOrder [33m=[39m 
checkoutRes[33m.[39mbody[33m.[39mdata[33m.[39morder[33m;[39m
     [90m     |[39m                                         [31m[1m^[22m[39m
     [90m 211 |[39m     })[33m;[39m
     [90m 212 |[39m
     [90m 213 |[39m     it([32m'should update order status successfully'[39m[33m,[39m [36masync[39m () 
[33m=>[39m {[0m

      at Object.order (tests/admin-orders.test.js:210:41)

  ΓùÅ Admin Orders Management Tests ΓÇ║ PUT /api/orders/:orderId/status ΓÇ║ should fail with non-existent order

    TypeError: Cannot read properties of undefined (reading 'order')

    [0m [90m 208 |[39m         })[33m;[39m
     [90m 209 |[39m
    [31m[1m>[22m[39m[90m 210 |[39m       testOrder [33m=[39m 
checkoutRes[33m.[39mbody[33m.[39mdata[33m.[39morder[33m;[39m
     [90m     |[39m                                         [31m[1m^[22m[39m
     [90m 211 |[39m     })[33m;[39m
     [90m 212 |[39m
     [90m 213 |[39m     it([32m'should update order status successfully'[39m[33m,[39m [36masync[39m () 
[33m=>[39m {[0m

      at Object.order (tests/admin-orders.test.js:210:41)

  ΓùÅ Admin Orders Management Tests ΓÇ║ PUT /api/orders/:orderId/payment ΓÇ║ should update payment status 
successfully

    TypeError: Cannot read properties of undefined (reading 'order')

    [0m [90m 318 |[39m         })[33m;[39m
     [90m 319 |[39m
    [31m[1m>[22m[39m[90m 320 |[39m       testOrder [33m=[39m 
checkoutRes[33m.[39mbody[33m.[39mdata[33m.[39morder[33m;[39m
     [90m     |[39m                                         [31m[1m^[22m[39m
     [90m 321 |[39m     })[33m;[39m
     [90m 322 |[39m
     [90m 323 |[39m     it([32m'should update payment status successfully'[39m[33m,[39m [36masync[39m () 
[33m=>[39m {[0m

      at Object.order (tests/admin-orders.test.js:320:41)

  ΓùÅ Admin Orders Management Tests ΓÇ║ PUT /api/orders/:orderId/payment ΓÇ║ should support all payment statuses

    TypeError: Cannot read properties of undefined (reading 'order')

    [0m [90m 318 |[39m         })[33m;[39m
     [90m 319 |[39m
    [31m[1m>[22m[39m[90m 320 |[39m       testOrder [33m=[39m 
checkoutRes[33m.[39mbody[33m.[39mdata[33m.[39morder[33m;[39m
     [90m     |[39m                                         [31m[1m^[22m[39m
     [90m 321 |[39m     })[33m;[39m
     [90m 322 |[39m
     [90m 323 |[39m     it([32m'should update payment status successfully'[39m[33m,[39m [36masync[39m () 
[33m=>[39m {[0m

      at Object.order (tests/admin-orders.test.js:320:41)

  ΓùÅ Admin Orders Management Tests ΓÇ║ PUT /api/orders/:orderId/payment ΓÇ║ should fail if non-admin tries to 
update payment

    TypeError: Cannot read properties of undefined (reading 'order')

    [0m [90m 318 |[39m         })[33m;[39m
     [90m 319 |[39m
    [31m[1m>[22m[39m[90m 320 |[39m       testOrder [33m=[39m 
checkoutRes[33m.[39mbody[33m.[39mdata[33m.[39morder[33m;[39m
     [90m     |[39m                                         [31m[1m^[22m[39m
     [90m 321 |[39m     })[33m;[39m
     [90m 322 |[39m
     [90m 323 |[39m     it([32m'should update payment status successfully'[39m[33m,[39m [36masync[39m () 
[33m=>[39m {[0m

      at Object.order (tests/admin-orders.test.js:320:41)

  ΓùÅ Admin Orders Management Tests ΓÇ║ PUT /api/orders/:orderId/payment ΓÇ║ should fail with invalid order ID

    TypeError: Cannot read properties of undefined (reading 'order')

    [0m [90m 318 |[39m         })[33m;[39m
     [90m 319 |[39m
    [31m[1m>[22m[39m[90m 320 |[39m       testOrder [33m=[39m 
checkoutRes[33m.[39mbody[33m.[39mdata[33m.[39morder[33m;[39m
     [90m     |[39m                                         [31m[1m^[22m[39m
     [90m 321 |[39m     })[33m;[39m
     [90m 322 |[39m
     [90m 323 |[39m     it([32m'should update payment status successfully'[39m[33m,[39m [36masync[39m () 
[33m=>[39m {[0m

      at Object.order (tests/admin-orders.test.js:320:41)

  ΓùÅ Admin Orders Management Tests ΓÇ║ PUT /api/orders/:orderId/payment ΓÇ║ should fail with non-existent order

    TypeError: Cannot read properties of undefined (reading 'order')

    [0m [90m 318 |[39m         })[33m;[39m
     [90m 319 |[39m
    [31m[1m>[22m[39m[90m 320 |[39m       testOrder [33m=[39m 
checkoutRes[33m.[39mbody[33m.[39mdata[33m.[39morder[33m;[39m
     [90m     |[39m                                         [31m[1m^[22m[39m
     [90m 321 |[39m     })[33m;[39m
     [90m 322 |[39m
     [90m 323 |[39m     it([32m'should update payment status successfully'[39m[33m,[39m [36masync[39m () 
[33m=>[39m {[0m

      at Object.order (tests/admin-orders.test.js:320:41)

  ΓùÅ Admin Orders Management Tests ΓÇ║ Order Status Transitions ΓÇ║ should track order status flow: pending -> 
confirmed -> shipped -> delivered

    TypeError: Cannot read properties of undefined (reading 'order')

    [0m [90m 409 |[39m         })[33m;[39m
     [90m 410 |[39m
    [31m[1m>[22m[39m[90m 411 |[39m       [36mlet[39m orderId [33m=[39m 
checkoutRes[33m.[39mbody[33m.[39mdata[33m.[39morder[33m.[39m_id[33m;[39m
     [90m     |[39m                                           [31m[1m^[22m[39m
     [90m 412 |[39m
     [90m 413 |[39m       [90m// pending -> confirmed[39m
     [90m 414 |[39m       [36mlet[39m res [33m=[39m [36mawait[39m request(app)[0m

      at Object.order (tests/admin-orders.test.js:411:43)

  console.log
    [dotenv@17.2.3] injecting env (7) from .env -- tip: ≡ƒöä add secrets lifecycle management: https://dotenvx.com/ops

      at _log (node_modules/dotenv/lib/main.js:142:11)

  console.log
    Γ£à All required environment variables are present

      at log (src/config/environment.js:42:11)

  console.log
    Γ£à Test database connected

      at log (tests/setup.js:17:13)

  console.log
    Γ£à Test database disconnected

      at log (tests/setup.js:30:13)

FAIL tests/cart.test.js
  Shopping Cart Tests
    GET /api/cart
      ├ù should return empty cart for new user (94 ms)
      ├ù should return cart with items if items exist (101 ms)
      ├ù should fail without authentication token (70 ms)
      ├ù should fail with invalid token (70 ms)
    POST /api/cart/items
      ├ù should add item to cart successfully (74 ms)
      ├ù should increase quantity if item already exists (74 ms)
      ├ù should fail if product does not exist (70 ms)
      ├ù should fail if quantity exceeds stock (71 ms)
      ├ù should fail on invalid product ID format (78 ms)
      ├ù should fail with missing required fields (71 ms)
    PUT /api/cart/items/:productId
      ├ù should update item quantity successfully (73 ms)
      ├ù should fail if new quantity exceeds stock (77 ms)
      ├ù should fail with quantity of 0 (74 ms)
      ├ù should fail if item not in cart (76 ms)
    DELETE /api/cart/items/:productId
      ├ù should remove item from cart successfully (75 ms)
      ├ù should fail if item not in cart (76 ms)
      ├ù should fail on invalid product ID format (72 ms)
    DELETE /api/cart
      ├ù should clear entire cart successfully (75 ms)
      ├ù should work on empty cart (69 ms)

  ΓùÅ Shopping Cart Tests ΓÇ║ GET /api/cart ΓÇ║ should return empty cart for new user

    expect(received).toBe(expected) // Object.is equality

    Expected: 200
    Received: 404

    [0m [90m 56 |[39m         [33m.[39m[36mset[39m([32m'Authorization'[39m[33m,[39m [32m`Bearer 
${authUser.tokens.accessToken}`[39m)[33m;[39m
     [90m 57 |[39m
    [31m[1m>[22m[39m[90m 58 |[39m       
expect(res[33m.[39mstatus)[33m.[39mtoBe([35m200[39m)[33m;[39m
     [90m    |[39m                          [31m[1m^[22m[39m
     [90m 59 |[39m       expect(res[33m.[39mbody[33m.[39msuccess)[33m.[39mtoBe([36mtrue[39m)[33m;[39m
     [90m 60 |[39m       
expect(res[33m.[39mbody[33m.[39mdata[33m.[39mitems)[33m.[39mtoEqual([])[33m;[39m
     [90m 61 |[39m       
expect(res[33m.[39mbody[33m.[39mdata[33m.[39mtotalItems)[33m.[39mtoBe([35m0[39m)[33m;[39m[0m

      at Object.toBe (tests/cart.test.js:58:26)

  ΓùÅ Shopping Cart Tests ΓÇ║ GET /api/cart ΓÇ║ should return cart with items if items exist

    expect(received).toBe(expected) // Object.is equality

    Expected: 200
    Received: 404

    [0m [90m 76 |[39m         [33m.[39m[36mset[39m([32m'Authorization'[39m[33m,[39m [32m`Bearer 
${authUser.tokens.accessToken}`[39m)[33m;[39m
     [90m 77 |[39m
    [31m[1m>[22m[39m[90m 78 |[39m       
expect(res[33m.[39mstatus)[33m.[39mtoBe([35m200[39m)[33m;[39m
     [90m    |[39m                          [31m[1m^[22m[39m
     [90m 79 |[39m       expect(res[33m.[39mbody[33m.[39msuccess)[33m.[39mtoBe([36mtrue[39m)[33m;[39m
     [90m 80 |[39m       
expect(res[33m.[39mbody[33m.[39mdata[33m.[39mitems[33m.[39mlength)[33m.[39mtoBe([35m1[39m)[33m;[39m
     [90m 81 |[39m       
expect(res[33m.[39mbody[33m.[39mdata[33m.[39mtotalItems)[33m.[39mtoBe([35m2[39m)[33m;[39m[0m

      at Object.toBe (tests/cart.test.js:78:26)

  ΓùÅ Shopping Cart Tests ΓÇ║ GET /api/cart ΓÇ║ should fail without authentication token

    expect(received).toBe(expected) // Object.is equality

    Expected: 401
    Received: 404

    [0m [90m 87 |[39m         [33m.[39m[36mget[39m([32m'/api/cart'[39m)[33m;[39m
     [90m 88 |[39m
    [31m[1m>[22m[39m[90m 89 |[39m       
expect(res[33m.[39mstatus)[33m.[39mtoBe([35m401[39m)[33m;[39m
     [90m    |[39m                          [31m[1m^[22m[39m
     [90m 90 |[39m       
expect(res[33m.[39mbody[33m.[39msuccess)[33m.[39mtoBe([36mfalse[39m)[33m;[39m
     [90m 91 |[39m       
expect(res[33m.[39mbody[33m.[39merror[33m.[39mcode)[33m.[39mtoBe([32m'MISSING_TOKEN'[39m)[33m;[39m
     [90m 92 |[39m     })[33m;[39m[0m

      at Object.toBe (tests/cart.test.js:89:26)

  ΓùÅ Shopping Cart Tests ΓÇ║ GET /api/cart ΓÇ║ should fail with invalid token

    expect(received).toBe(expected) // Object.is equality

    Expected: 401
    Received: 404

    [0m [90m  97 |[39m         [33m.[39m[36mset[39m([32m'Authorization'[39m[33m,[39m [32m'Bearer 
invalid.token.format'[39m)[33m;[39m
     [90m  98 |[39m
    [31m[1m>[22m[39m[90m  99 |[39m       
expect(res[33m.[39mstatus)[33m.[39mtoBe([35m401[39m)[33m;[39m
     [90m     |[39m                          [31m[1m^[22m[39m
     [90m 100 |[39m       
expect(res[33m.[39mbody[33m.[39msuccess)[33m.[39mtoBe([36mfalse[39m)[33m;[39m
     [90m 101 |[39m       
expect(res[33m.[39mbody[33m.[39merror[33m.[39mcode)[33m.[39mtoBe([32m'INVALID_TOKEN'[39m)[33m;[39m
     [90m 102 |[39m     })[33m;[39m[0m

      at Object.toBe (tests/cart.test.js:99:26)

  ΓùÅ Shopping Cart Tests ΓÇ║ POST /api/cart/items ΓÇ║ should add item to cart successfully

    expect(received).toBe(expected) // Object.is equality

    Expected: 200
    Received: 404

    [0m [90m 113 |[39m         })[33m;[39m
     [90m 114 |[39m
    [31m[1m>[22m[39m[90m 115 |[39m       
expect(res[33m.[39mstatus)[33m.[39mtoBe([35m200[39m)[33m;[39m
     [90m     |[39m                          [31m[1m^[22m[39m
     [90m 116 |[39m       
expect(res[33m.[39mbody[33m.[39msuccess)[33m.[39mtoBe([36mtrue[39m)[33m;[39m
     [90m 117 |[39m       
expect(res[33m.[39mbody[33m.[39mdata[33m.[39mitems[33m.[39mlength)[33m.[39mtoBe([35m1[39m)[33m;[39m
     [90m 118 |[39m       expect(res[33m.[39mbody[33m.[39mdata[33m.[39mitems[[35m0[39m][33m.[39mprodu
ctId)[33m.[39mtoBe(testProduct[33m.[39m_id[33m.[39mtoString())[33m;[39m[0m

      at Object.toBe (tests/cart.test.js:115:26)

  ΓùÅ Shopping Cart Tests ΓÇ║ POST /api/cart/items ΓÇ║ should increase quantity if item already exists

    expect(received).toBe(expected) // Object.is equality

    Expected: 200
    Received: 404

    [0m [90m 138 |[39m         })[33m;[39m
     [90m 139 |[39m
    [31m[1m>[22m[39m[90m 140 |[39m       
expect(res[33m.[39mstatus)[33m.[39mtoBe([35m200[39m)[33m;[39m
     [90m     |[39m                          [31m[1m^[22m[39m
     [90m 141 |[39m       
expect(res[33m.[39mbody[33m.[39msuccess)[33m.[39mtoBe([36mtrue[39m)[33m;[39m
     [90m 142 |[39m       expect(res[33m.[39mbody[33m.[39mdata[33m.[39mitems[[35m0[39m][33m.[39mquant
ity)[33m.[39mtoBe([35m3[39m)[33m;[39m
     [90m 143 |[39m       
expect(res[33m.[39mbody[33m.[39mdata[33m.[39mtotalPrice)[33m.[39mtoBe(testProduct[33m.[39mprice 
[33m*[39m [35m3[39m)[33m;[39m[0m

      at Object.toBe (tests/cart.test.js:140:26)

  ΓùÅ Shopping Cart Tests ΓÇ║ POST /api/cart/items ΓÇ║ should fail if product does not exist

    expect(received).toBe(expected) // Object.is equality

    Expected: false
    Received: undefined

    [0m [90m 154 |[39m
     [90m 155 |[39m       expect(res[33m.[39mstatus)[33m.[39mtoBe([35m404[39m)[33m;[39m
    [31m[1m>[22m[39m[90m 156 |[39m       
expect(res[33m.[39mbody[33m.[39msuccess)[33m.[39mtoBe([36mfalse[39m)[33m;[39m
     [90m     |[39m                                [31m[1m^[22m[39m
     [90m 157 |[39m       expect(res[33m.[39mbody[33m.[39merror[33m.[39mcode)[33m.[39mtoBe([32m'PRODUC
T_NOT_FOUND'[39m)[33m;[39m
     [90m 158 |[39m     })[33m;[39m
     [90m 159 |[39m[0m

      at Object.toBe (tests/cart.test.js:156:32)

  ΓùÅ Shopping Cart Tests ΓÇ║ POST /api/cart/items ΓÇ║ should fail if quantity exceeds stock

    expect(received).toBe(expected) // Object.is equality

    Expected: 400
    Received: 404

    [0m [90m 167 |[39m         })[33m;[39m
     [90m 168 |[39m
    [31m[1m>[22m[39m[90m 169 |[39m       
expect(res[33m.[39mstatus)[33m.[39mtoBe([35m400[39m)[33m;[39m
     [90m     |[39m                          [31m[1m^[22m[39m
     [90m 170 |[39m       
expect(res[33m.[39mbody[33m.[39msuccess)[33m.[39mtoBe([36mfalse[39m)[33m;[39m
     [90m 171 |[39m       expect(res[33m.[39mbody[33m.[39merror[33m.[39mcode)[33m.[39mtoBe([32m'INSUFF
ICIENT_STOCK'[39m)[33m;[39m
     [90m 172 |[39m     })[33m;[39m[0m

      at Object.toBe (tests/cart.test.js:169:26)

  ΓùÅ Shopping Cart Tests ΓÇ║ POST /api/cart/items ΓÇ║ should fail on invalid product ID format

    expect(received).toBe(expected) // Object.is equality

    Expected: 400
    Received: 404

    [0m [90m 181 |[39m         })[33m;[39m
     [90m 182 |[39m
    [31m[1m>[22m[39m[90m 183 |[39m       
expect(res[33m.[39mstatus)[33m.[39mtoBe([35m400[39m)[33m;[39m
     [90m     |[39m                          [31m[1m^[22m[39m
     [90m 184 |[39m       
expect(res[33m.[39mbody[33m.[39msuccess)[33m.[39mtoBe([36mfalse[39m)[33m;[39m
     [90m 185 |[39m     })[33m;[39m
     [90m 186 |[39m[0m

      at Object.toBe (tests/cart.test.js:183:26)

  ΓùÅ Shopping Cart Tests ΓÇ║ POST /api/cart/items ΓÇ║ should fail with missing required fields

    expect(received).toBe(expected) // Object.is equality

    Expected: 400
    Received: 404

    [0m [90m 194 |[39m         })[33m;[39m
     [90m 195 |[39m
    [31m[1m>[22m[39m[90m 196 |[39m       
expect(res[33m.[39mstatus)[33m.[39mtoBe([35m400[39m)[33m;[39m
     [90m     |[39m                          [31m[1m^[22m[39m
     [90m 197 |[39m       
expect(res[33m.[39mbody[33m.[39msuccess)[33m.[39mtoBe([36mfalse[39m)[33m;[39m
     [90m 198 |[39m     })[33m;[39m
     [90m 199 |[39m   })[33m;[39m[0m

      at Object.toBe (tests/cart.test.js:196:26)

  ΓùÅ Shopping Cart Tests ΓÇ║ PUT /api/cart/items/:productId ΓÇ║ should update item quantity successfully

    expect(received).toBe(expected) // Object.is equality

    Expected: 200
    Received: 404

    [0m [90m 217 |[39m         })[33m;[39m
     [90m 218 |[39m
    [31m[1m>[22m[39m[90m 219 |[39m       
expect(res[33m.[39mstatus)[33m.[39mtoBe([35m200[39m)[33m;[39m
     [90m     |[39m                          [31m[1m^[22m[39m
     [90m 220 |[39m       
expect(res[33m.[39mbody[33m.[39msuccess)[33m.[39mtoBe([36mtrue[39m)[33m;[39m
     [90m 221 |[39m       expect(res[33m.[39mbody[33m.[39mdata[33m.[39mitems[[35m0[39m][33m.[39mquant
ity)[33m.[39mtoBe([35m3[39m)[33m;[39m
     [90m 222 |[39m       
expect(res[33m.[39mbody[33m.[39mdata[33m.[39mtotalPrice)[33m.[39mtoBe(testProduct[33m.[39mprice 
[33m*[39m [35m3[39m)[33m;[39m[0m

      at Object.toBe (tests/cart.test.js:219:26)

  ΓùÅ Shopping Cart Tests ΓÇ║ PUT /api/cart/items/:productId ΓÇ║ should fail if new quantity exceeds stock

    expect(received).toBe(expected) // Object.is equality

    Expected: 400
    Received: 404

    [0m [90m 231 |[39m         })[33m;[39m
     [90m 232 |[39m
    [31m[1m>[22m[39m[90m 233 |[39m       
expect(res[33m.[39mstatus)[33m.[39mtoBe([35m400[39m)[33m;[39m
     [90m     |[39m                          [31m[1m^[22m[39m
     [90m 234 |[39m       
expect(res[33m.[39mbody[33m.[39msuccess)[33m.[39mtoBe([36mfalse[39m)[33m;[39m
     [90m 235 |[39m       expect(res[33m.[39mbody[33m.[39merror[33m.[39mcode)[33m.[39mtoBe([32m'INSUFF
ICIENT_STOCK'[39m)[33m;[39m
     [90m 236 |[39m     })[33m;[39m[0m

      at Object.toBe (tests/cart.test.js:233:26)

  ΓùÅ Shopping Cart Tests ΓÇ║ PUT /api/cart/items/:productId ΓÇ║ should fail with quantity of 0

    expect(received).toBe(expected) // Object.is equality

    Expected: 400
    Received: 404

    [0m [90m 244 |[39m         })[33m;[39m
     [90m 245 |[39m
    [31m[1m>[22m[39m[90m 246 |[39m       
expect(res[33m.[39mstatus)[33m.[39mtoBe([35m400[39m)[33m;[39m
     [90m     |[39m                          [31m[1m^[22m[39m
     [90m 247 |[39m       
expect(res[33m.[39mbody[33m.[39msuccess)[33m.[39mtoBe([36mfalse[39m)[33m;[39m
     [90m 248 |[39m     })[33m;[39m
     [90m 249 |[39m[0m

      at Object.toBe (tests/cart.test.js:246:26)

  ΓùÅ Shopping Cart Tests ΓÇ║ PUT /api/cart/items/:productId ΓÇ║ should fail if item not in cart

    expect(received).toBe(expected) // Object.is equality

    Expected: false
    Received: undefined

    [0m [90m 262 |[39m
     [90m 263 |[39m       expect(res[33m.[39mstatus)[33m.[39mtoBe([35m404[39m)[33m;[39m
    [31m[1m>[22m[39m[90m 264 |[39m       
expect(res[33m.[39mbody[33m.[39msuccess)[33m.[39mtoBe([36mfalse[39m)[33m;[39m
     [90m     |[39m                                [31m[1m^[22m[39m
     [90m 265 |[39m       
expect(res[33m.[39mbody[33m.[39merror[33m.[39mcode)[33m.[39mtoBe([32m'ITEM_NOT_IN_CART'[39m)[33m;[39m
     [90m 266 |[39m     })[33m;[39m
     [90m 267 |[39m   })[33m;[39m[0m

      at Object.toBe (tests/cart.test.js:264:32)

  ΓùÅ Shopping Cart Tests ΓÇ║ DELETE /api/cart/items/:productId ΓÇ║ should remove item from cart successfully

    expect(received).toBe(expected) // Object.is equality

    Expected: 200
    Received: 404

    [0m [90m 284 |[39m         [33m.[39m[36mset[39m([32m'Authorization'[39m[33m,[39m [32m`Bearer 
${authUser.tokens.accessToken}`[39m)[33m;[39m
     [90m 285 |[39m
    [31m[1m>[22m[39m[90m 286 |[39m       
expect(res[33m.[39mstatus)[33m.[39mtoBe([35m200[39m)[33m;[39m
     [90m     |[39m                          [31m[1m^[22m[39m
     [90m 287 |[39m       
expect(res[33m.[39mbody[33m.[39msuccess)[33m.[39mtoBe([36mtrue[39m)[33m;[39m
     [90m 288 |[39m       
expect(res[33m.[39mbody[33m.[39mdata[33m.[39mitems)[33m.[39mtoEqual([])[33m;[39m
     [90m 289 |[39m       
expect(res[33m.[39mbody[33m.[39mdata[33m.[39mtotalItems)[33m.[39mtoBe([35m0[39m)[33m;[39m[0m

      at Object.toBe (tests/cart.test.js:286:26)

  ΓùÅ Shopping Cart Tests ΓÇ║ DELETE /api/cart/items/:productId ΓÇ║ should fail if item not in cart

    expect(received).toBe(expected) // Object.is equality

    Expected: false
    Received: undefined

    [0m [90m 302 |[39m
     [90m 303 |[39m       expect(res[33m.[39mstatus)[33m.[39mtoBe([35m404[39m)[33m;[39m
    [31m[1m>[22m[39m[90m 304 |[39m       
expect(res[33m.[39mbody[33m.[39msuccess)[33m.[39mtoBe([36mfalse[39m)[33m;[39m
     [90m     |[39m                                [31m[1m^[22m[39m
     [90m 305 |[39m       
expect(res[33m.[39mbody[33m.[39merror[33m.[39mcode)[33m.[39mtoBe([32m'ITEM_NOT_IN_CART'[39m)[33m;[39m
     [90m 306 |[39m     })[33m;[39m
     [90m 307 |[39m[0m

      at Object.toBe (tests/cart.test.js:304:32)

  ΓùÅ Shopping Cart Tests ΓÇ║ DELETE /api/cart/items/:productId ΓÇ║ should fail on invalid product ID format

    expect(received).toBe(expected) // Object.is equality

    Expected: 400
    Received: 404

    [0m [90m 311 |[39m         [33m.[39m[36mset[39m([32m'Authorization'[39m[33m,[39m [32m`Bearer 
${authUser.tokens.accessToken}`[39m)[33m;[39m
     [90m 312 |[39m
    [31m[1m>[22m[39m[90m 313 |[39m       
expect(res[33m.[39mstatus)[33m.[39mtoBe([35m400[39m)[33m;[39m
     [90m     |[39m                          [31m[1m^[22m[39m
     [90m 314 |[39m       
expect(res[33m.[39mbody[33m.[39msuccess)[33m.[39mtoBe([36mfalse[39m)[33m;[39m
     [90m 315 |[39m     })[33m;[39m
     [90m 316 |[39m   })[33m;[39m[0m

      at Object.toBe (tests/cart.test.js:313:26)

  ΓùÅ Shopping Cart Tests ΓÇ║ DELETE /api/cart ΓÇ║ should clear entire cart successfully

    expect(received).toBe(expected) // Object.is equality

    Expected: 200
    Received: 404

    [0m [90m 331 |[39m         [33m.[39m[36mset[39m([32m'Authorization'[39m[33m,[39m [32m`Bearer 
${authUser.tokens.accessToken}`[39m)[33m;[39m
     [90m 332 |[39m
    [31m[1m>[22m[39m[90m 333 |[39m       
expect(res[33m.[39mstatus)[33m.[39mtoBe([35m200[39m)[33m;[39m
     [90m     |[39m                          [31m[1m^[22m[39m
     [90m 334 |[39m       
expect(res[33m.[39mbody[33m.[39msuccess)[33m.[39mtoBe([36mtrue[39m)[33m;[39m
     [90m 335 |[39m       
expect(res[33m.[39mbody[33m.[39mdata[33m.[39mitems)[33m.[39mtoEqual([])[33m;[39m
     [90m 336 |[39m       
expect(res[33m.[39mbody[33m.[39mdata[33m.[39mtotalItems)[33m.[39mtoBe([35m0[39m)[33m;[39m[0m

      at Object.toBe (tests/cart.test.js:333:26)

  ΓùÅ Shopping Cart Tests ΓÇ║ DELETE /api/cart ΓÇ║ should work on empty cart

    expect(received).toBe(expected) // Object.is equality

    Expected: 200
    Received: 404

    [0m [90m 343 |[39m         [33m.[39m[36mset[39m([32m'Authorization'[39m[33m,[39m [32m`Bearer 
${authUser.tokens.accessToken}`[39m)[33m;[39m
     [90m 344 |[39m
    [31m[1m>[22m[39m[90m 345 |[39m       
expect(res[33m.[39mstatus)[33m.[39mtoBe([35m200[39m)[33m;[39m
     [90m     |[39m                          [31m[1m^[22m[39m
     [90m 346 |[39m       
expect(res[33m.[39mbody[33m.[39msuccess)[33m.[39mtoBe([36mtrue[39m)[33m;[39m
     [90m 347 |[39m       
expect(res[33m.[39mbody[33m.[39mdata[33m.[39mitems)[33m.[39mtoEqual([])[33m;[39m
     [90m 348 |[39m     })[33m;[39m[0m

      at Object.toBe (tests/cart.test.js:345:26)

  console.log
    [dotenv@17.2.3] injecting env (7) from .env -- tip: ≡ƒöæ add access controls to secrets: https://dotenvx.com/ops

      at _log (node_modules/dotenv/lib/main.js:142:11)

  console.log
    Γ£à All required environment variables are present

      at log (src/config/environment.js:42:11)

  console.log
    Γ£à Test database connected

      at log (tests/setup.js:17:13)

2026-01-06 09:38:17  [[32minfo[39m] User registration attempt: newuser@example.com {"service":"api-server","email":"newuser@example.com"}
2026-01-06 09:38:17  [[32minfo[39m] User registered successfully: newuser@example.com {"service":"api-server","userId":"695c7599aeb77de8929cc61f"}
2026-01-06 09:38:17  [[32minfo[39m] User registration attempt: existing@example.com {"service":"api-server","email":"existing@example.com"}
2026-01-06 09:38:17  [[33mwarn[39m] Registration failed: Email already exists: existing@example.com {"service":"api-server","email":"existing@example.com"}
2026-01-06 09:38:17  [[31merror[39m] Registration failed: Email already exists {"service":"api-server","error":"Email already exists","stack":"Error: Email already exists\n    at register (C:\\Users\\ASUS\\Desktop\\chuyende\\BE\\src\\controllers\\userController.js:18:13)\n    at processTicksAndRejections (node:internal/process/task_queues:105:5)"}
  console.error
    Error: ConflictError: Email already exists
        at register (C:\Users\ASUS\Desktop\chuyende\BE\src\controllers\userController.js:18:13)
        at processTicksAndRejections (node:internal/process/task_queues:105:5) {
      statusCode: 409,
      errorCode: 'CONFLICT',
      isOperational: true
    }

    [0m [90m 43 |[39m [90m// Centralized error handler[39m
     [90m 44 |[39m [36mconst[39m errorHandler [33m=[39m (err[33m,[39m _req[33m,[39m res[33m,[39m _next) [33m=>[39m {
    [31m[1m>[22m[39m[90m 45 |[39m   console[33m.[39merror([32m'Error:'[39m[33m,[39m err)[33m;[39m
     [90m    |[39m           [31m[1m^[22m[39m
     [90m 46 |[39m
     [90m 47 |[39m   [90m// Default values[39m
     [90m 48 |[39m   [36mlet[39m statusCode [33m=[39m err[33m.[39mstatusCode [33m||[39m [35m500[39m[33m;[39m[0m

      at error (src/middleware/errorHandler.js:45:11)
      at Layer.handleError (node_modules/router/lib/layer.js:116:17)
      at trimPrefix (node_modules/router/index.js:340:13)
      at node_modules/router/index.js:297:9
      at processParams (node_modules/router/index.js:582:12)
      at next (node_modules/router/index.js:291:5)
      at node_modules/router/index.js:688:15
      at next (node_modules/router/index.js:276:14)
      at next (node_modules/router/lib/route.js:132:14)
      at next (src/controllers/userController.js:41:5)

2026-01-06 09:38:17  [[32minfo[39m] User registration attempt: newuser@example.com {"service":"api-server","email":"newuser@example.com"}
2026-01-06 09:38:17  [[32minfo[39m] User registered successfully: newuser@example.com {"service":"api-server","userId":"695c7599aeb77de8929cc62f"}
  console.error
    Error: ValidationError: Validation failed
        at C:\Users\ASUS\Desktop\chuyende\BE\src\middleware\validate.js:10:17
        at Layer.handleRequest (C:\Users\ASUS\Desktop\chuyende\BE\node_modules\router\lib\layer.js:152:17)
        at next (C:\Users\ASUS\Desktop\chuyende\BE\node_modules\router\lib\route.js:157:13)
        at C:\Users\ASUS\Desktop\chuyende\BE\node_modules\express-rate-limit\dist\index.cjs:807:7
        at processTicksAndRejections (node:internal/process/task_queues:105:5)
        at C:\Users\ASUS\Desktop\chuyende\BE\node_modules\express-rate-limit\dist\index.cjs:691:5 {
      statusCode: 400,
      errorCode: 'VALIDATION_ERROR',
      isOperational: true,
      details: [
        {
          field: 'password',
          message: '"password" length must be at least 6 characters long'
        }
      ]
    }

    [0m [90m 43 |[39m [90m// Centralized error handler[39m
     [90m 44 |[39m [36mconst[39m errorHandler [33m=[39m (err[33m,[39m _req[33m,[39m res[33m,[39m _next) [33m=>[39m {
    [31m[1m>[22m[39m[90m 45 |[39m   console[33m.[39merror([32m'Error:'[39m[33m,[39m err)[33m;[39m
     [90m    |[39m           [31m[1m^[22m[39m
     [90m 46 |[39m
     [90m 47 |[39m   [90m// Default values[39m
     [90m 48 |[39m   [36mlet[39m statusCode [33m=[39m err[33m.[39mstatusCode [33m||[39m [35m500[39m[33m;[39m[0m

      at error (src/middleware/errorHandler.js:45:11)
      at Layer.handleError (node_modules/router/lib/layer.js:116:17)
      at trimPrefix (node_modules/router/index.js:340:13)
      at node_modules/router/index.js:297:9
      at processParams (node_modules/router/index.js:582:12)
      at next (node_modules/router/index.js:291:5)
      at node_modules/router/index.js:688:15
      at next (node_modules/router/index.js:276:14)
      at next (node_modules/router/lib/route.js:132:14)
      at Layer.handleError (node_modules/router/lib/layer.js:111:12)
      at next (node_modules/router/lib/route.js:155:13)
      at next (src/middleware/validate.js:10:12)
      at Layer.handleRequest (node_modules/router/lib/layer.js:152:17)
      at next (node_modules/router/lib/route.js:157:13)
      at node_modules/express-rate-limit/dist/index.cjs:807:7
      at node_modules/express-rate-limit/dist/index.cjs:691:5

  console.error
    Error: ValidationError: Validation failed
        at C:\Users\ASUS\Desktop\chuyende\BE\src\middleware\validate.js:10:17
        at Layer.handleRequest (C:\Users\ASUS\Desktop\chuyende\BE\node_modules\router\lib\layer.js:152:17)
        at next (C:\Users\ASUS\Desktop\chuyende\BE\node_modules\router\lib\route.js:157:13)
        at C:\Users\ASUS\Desktop\chuyende\BE\node_modules\express-rate-limit\dist\index.cjs:807:7
        at processTicksAndRejections (node:internal/process/task_queues:105:5)
        at C:\Users\ASUS\Desktop\chuyende\BE\node_modules\express-rate-limit\dist\index.cjs:691:5 {
      statusCode: 400,
      errorCode: 'VALIDATION_ERROR',
      isOperational: true,
      details: [ { field: 'name', message: '"name" is required' } ]
    }

    [0m [90m 43 |[39m [90m// Centralized error handler[39m
     [90m 44 |[39m [36mconst[39m errorHandler [33m=[39m (err[33m,[39m _req[33m,[39m res[33m,[39m _next) [33m=>[39m {
    [31m[1m>[22m[39m[90m 45 |[39m   console[33m.[39merror([32m'Error:'[39m[33m,[39m err)[33m;[39m
     [90m    |[39m           [31m[1m^[22m[39m
     [90m 46 |[39m
     [90m 47 |[39m   [90m// Default values[39m
     [90m 48 |[39m   [36mlet[39m statusCode [33m=[39m err[33m.[39mstatusCode [33m||[39m [35m500[39m[33m;[39m[0m

      at error (src/middleware/errorHandler.js:45:11)
      at Layer.handleError (node_modules/router/lib/layer.js:116:17)
      at trimPrefix (node_modules/router/index.js:340:13)
      at node_modules/router/index.js:297:9
      at processParams (node_modules/router/index.js:582:12)
      at next (node_modules/router/index.js:291:5)
      at node_modules/router/index.js:688:15
      at next (node_modules/router/index.js:276:14)
      at next (node_modules/router/lib/route.js:132:14)
      at Layer.handleError (node_modules/router/lib/layer.js:111:12)
      at next (node_modules/router/lib/route.js:155:13)
      at next (src/middleware/validate.js:10:12)
      at Layer.handleRequest (node_modules/router/lib/layer.js:152:17)
      at next (node_modules/router/lib/route.js:157:13)
      at node_modules/express-rate-limit/dist/index.cjs:807:7
      at node_modules/express-rate-limit/dist/index.cjs:691:5

2026-01-06 09:38:17  [[32minfo[39m] Login attempt: testuser@example.com {"service":"api-server","email":"testuser@example.com"}
2026-01-06 09:38:17  [[32minfo[39m] Login successful: testuser@example.com {"service":"api-server","userId":"695c7599aeb77de8929cc640"}
2026-01-06 09:38:17  [[32minfo[39m] Login attempt: testuser@example.com {"service":"api-server","email":"testuser@example.com"}
2026-01-06 09:38:17  [[33mwarn[39m] Login failed: Wrong password: testuser@example.com {"service":"api-server","email":"testuser@example.com"}
2026-01-06 09:38:17  [[31merror[39m] Login failed: Invalid email or password {"service":"api-server","error":"Invalid email or password","stack":"Error: Invalid email or password\n    at login (C:\\Users\\ASUS\\Desktop\\chuyende\\BE\\src\\controllers\\userController.js:65:13)"}
  console.error
    Error: UnauthorizedError: Invalid email or password
        at login (C:\Users\ASUS\Desktop\chuyende\BE\src\controllers\userController.js:65:13) {
      statusCode: 401,
      errorCode: 'UNAUTHORIZED',
      isOperational: true
    }

    [0m [90m 43 |[39m [90m// Centralized error handler[39m
     [90m 44 |[39m [36mconst[39m errorHandler [33m=[39m (err[33m,[39m _req[33m,[39m res[33m,[39m _next) [33m=>[39m {
    [31m[1m>[22m[39m[90m 45 |[39m   console[33m.[39merror([32m'Error:'[39m[33m,[39m err)[33m;[39m
     [90m    |[39m           [31m[1m^[22m[39m
     [90m 46 |[39m
     [90m 47 |[39m   [90m// Default values[39m
     [90m 48 |[39m   [36mlet[39m statusCode [33m=[39m err[33m.[39mstatusCode [33m||[39m [35m500[39m[33m;[39m[0m

      at error (src/middleware/errorHandler.js:45:11)
      at Layer.handleError (node_modules/router/lib/layer.js:116:17)
      at trimPrefix (node_modules/router/index.js:340:13)
      at node_modules/router/index.js:297:9
      at processParams (node_modules/router/index.js:582:12)
      at next (node_modules/router/index.js:291:5)
      at node_modules/router/index.js:688:15
      at next (node_modules/router/index.js:276:14)
      at next (node_modules/router/lib/route.js:132:14)
      at next (src/controllers/userController.js:88:5)

2026-01-06 09:38:17  [[32minfo[39m] Login attempt: nonexistent@example.com {"service":"api-server","email":"nonexistent@example.com"}
2026-01-06 09:38:17  [[33mwarn[39m] Login failed: User not found: nonexistent@example.com {"service":"api-server","email":"nonexistent@example.com"}
2026-01-06 09:38:17  [[31merror[39m] Login failed: Invalid email or password {"service":"api-server","error":"Invalid email or password","stack":"Error: Invalid email or password\n    at login (C:\\Users\\ASUS\\Desktop\\chuyende\\BE\\src\\controllers\\userController.js:55:13)\n    at processTicksAndRejections (node:internal/process/task_queues:105:5)"}
  console.error
    Error: UnauthorizedError: Invalid email or password
        at login (C:\Users\ASUS\Desktop\chuyende\BE\src\controllers\userController.js:55:13)
        at processTicksAndRejections (node:internal/process/task_queues:105:5) {
      statusCode: 401,
      errorCode: 'UNAUTHORIZED',
      isOperational: true
    }

    [0m [90m 43 |[39m [90m// Centralized error handler[39m
     [90m 44 |[39m [36mconst[39m errorHandler [33m=[39m (err[33m,[39m _req[33m,[39m res[33m,[39m _next) [33m=>[39m {
    [31m[1m>[22m[39m[90m 45 |[39m   console[33m.[39merror([32m'Error:'[39m[33m,[39m err)[33m;[39m
     [90m    |[39m           [31m[1m^[22m[39m
     [90m 46 |[39m
     [90m 47 |[39m   [90m// Default values[39m
     [90m 48 |[39m   [36mlet[39m statusCode [33m=[39m err[33m.[39mstatusCode [33m||[39m [35m500[39m[33m;[39m[0m

      at error (src/middleware/errorHandler.js:45:11)
      at Layer.handleError (node_modules/router/lib/layer.js:116:17)
      at trimPrefix (node_modules/router/index.js:340:13)
      at node_modules/router/index.js:297:9
      at processParams (node_modules/router/index.js:582:12)
      at next (node_modules/router/index.js:291:5)
      at node_modules/router/index.js:688:15
      at next (node_modules/router/index.js:276:14)
      at next (node_modules/router/lib/route.js:132:14)
      at next (src/controllers/userController.js:88:5)

  console.error
    Error: JsonWebTokenError {
      name: 'JsonWebTokenError',
      message: 'invalid token'
    }

    [0m [90m 43 |[39m [90m// Centralized error handler[39m
     [90m 44 |[39m [36mconst[39m errorHandler [33m=[39m (err[33m,[39m _req[33m,[39m res[33m,[39m _next) [33m=>[39m {
    [31m[1m>[22m[39m[90m 45 |[39m   console[33m.[39merror([32m'Error:'[39m[33m,[39m err)[33m;[39m
     [90m    |[39m           [31m[1m^[22m[39m
     [90m 46 |[39m
     [90m 47 |[39m   [90m// Default values[39m
     [90m 48 |[39m   [36mlet[39m statusCode [33m=[39m err[33m.[39mstatusCode [33m||[39m [35m500[39m[33m;[39m[0m

      at error (src/middleware/errorHandler.js:45:11)
      at Layer.handleError (node_modules/router/lib/layer.js:116:17)
      at trimPrefix (node_modules/router/index.js:340:13)
      at node_modules/router/index.js:297:9
      at processParams (node_modules/router/index.js:582:12)
      at next (node_modules/router/index.js:291:5)
      at node_modules/router/index.js:688:15
      at next (node_modules/router/index.js:276:14)
      at next (node_modules/router/lib/route.js:132:14)
      at Layer.handleError (node_modules/router/lib/layer.js:111:12)
      at next (node_modules/router/lib/route.js:155:13)
      at next (src/middleware/auth.js:47:5)

  console.error
    Error: UnauthorizedError: No refresh token provided
        at verifyRefreshTokenMiddleware (C:\Users\ASUS\Desktop\chuyende\BE\src\middleware\auth.js:35:30)
        at Layer.handleRequest (C:\Users\ASUS\Desktop\chuyende\BE\node_modules\router\lib\layer.js:152:17)
        at next (C:\Users\ASUS\Desktop\chuyende\BE\node_modules\router\lib\route.js:157:13)
        at Route.dispatch (C:\Users\ASUS\Desktop\chuyende\BE\node_modules\router\lib\route.js:117:3)
        at handle (C:\Users\ASUS\Desktop\chuyende\BE\node_modules\router\index.js:435:11)
        at Layer.handleRequest (C:\Users\ASUS\Desktop\chuyende\BE\node_modules\router\lib\layer.js:152:17)
        at C:\Users\ASUS\Desktop\chuyende\BE\node_modules\router\index.js:295:15
        at processParams (C:\Users\ASUS\Desktop\chuyende\BE\node_modules\router\index.js:582:12)
        at next (C:\Users\ASUS\Desktop\chuyende\BE\node_modules\router\index.js:291:5)
        at Function.handle (C:\Users\ASUS\Desktop\chuyende\BE\node_modules\router\index.js:186:3)
        at router (C:\Users\ASUS\Desktop\chuyende\BE\node_modules\router\index.js:60:12)
        at Layer.handleRequest (C:\Users\ASUS\Desktop\chuyende\BE\node_modules\router\lib\layer.js:152:17)
        at trimPrefix (C:\Users\ASUS\Desktop\chuyende\BE\node_modules\router\index.js:342:13)
        at C:\Users\ASUS\Desktop\chuyende\BE\node_modules\router\index.js:297:9
        at processParams (C:\Users\ASUS\Desktop\chuyende\BE\node_modules\router\index.js:582:12)
        at next (C:\Users\ASUS\Desktop\chuyende\BE\node_modules\router\index.js:291:5)
        at C:\Users\ASUS\Desktop\chuyende\BE\node_modules\body-parser\lib\read.js:172:5
        at AsyncResource.runInAsyncScope (node:async_hooks:214:14)
        at invokeCallback (C:\Users\ASUS\Desktop\chuyende\BE\node_modules\raw-body\index.js:238:16)
        at done (C:\Users\ASUS\Desktop\chuyende\BE\node_modules\raw-body\index.js:227:7)
        at IncomingMessage.onEnd (C:\Users\ASUS\Desktop\chuyende\BE\node_modules\raw-body\index.js:287:7)
        at IncomingMessage.emit (node:events:518:28)
        at endReadableNT (node:internal/streams/readable:1698:12)
        at processTicksAndRejections (node:internal/process/task_queues:90:21) {
      statusCode: 401,
      errorCode: 'UNAUTHORIZED',
      isOperational: true
    }

    [0m [90m 43 |[39m [90m// Centralized error handler[39m
     [90m 44 |[39m [36mconst[39m errorHandler [33m=[39m (err[33m,[39m _req[33m,[39m res[33m,[39m _next) [33m=>[39m {
    [31m[1m>[22m[39m[90m 45 |[39m   console[33m.[39merror([32m'Error:'[39m[33m,[39m err)[33m;[39m
     [90m    |[39m           [31m[1m^[22m[39m
     [90m 46 |[39m
     [90m 47 |[39m   [90m// Default values[39m
     [90m 48 |[39m   [36mlet[39m statusCode [33m=[39m err[33m.[39mstatusCode [33m||[39m [35m500[39m[33m;[39m[0m

      at error (src/middleware/errorHandler.js:45:11)
      at Layer.handleError (node_modules/router/lib/layer.js:116:17)
      at trimPrefix (node_modules/router/index.js:340:13)
      at node_modules/router/index.js:297:9
      at processParams (node_modules/router/index.js:582:12)
      at next (node_modules/router/index.js:291:5)
      at node_modules/router/index.js:688:15
      at next (node_modules/router/index.js:276:14)
      at next (node_modules/router/lib/route.js:132:14)
      at Layer.handleError (node_modules/router/lib/layer.js:111:12)
      at next (node_modules/router/lib/route.js:155:13)
      at next (src/middleware/auth.js:47:5)
      at Layer.handleRequest (node_modules/router/lib/layer.js:152:17)
      at next (node_modules/router/lib/route.js:157:13)
      at Route.dispatch (node_modules/router/lib/route.js:117:3)
      at handle (node_modules/router/index.js:435:11)
      at Layer.handleRequest (node_modules/router/lib/layer.js:152:17)
      at node_modules/router/index.js:295:15
      at processParams (node_modules/router/index.js:582:12)
      at next (node_modules/router/index.js:291:5)
      at Function.handle (node_modules/router/index.js:186:3)
      at router (node_modules/router/index.js:60:12)
      at Layer.handleRequest (node_modules/router/lib/layer.js:152:17)
      at trimPrefix (node_modules/router/index.js:342:13)
      at node_modules/router/index.js:297:9
      at processParams (node_modules/router/index.js:582:12)
      at next (node_modules/router/index.js:291:5)
      at node_modules/body-parser/lib/read.js:172:5
      at invokeCallback (node_modules/raw-body/index.js:238:16)
      at done (node_modules/raw-body/index.js:227:7)
      at IncomingMessage.onEnd (node_modules/raw-body/index.js:287:7)

  console.error
    Error blacklisting token: TokenBlacklist validation failed: userId: Cast to ObjectId failed for value "{
      userId: '695c759aaeb77de8929cc684',
      email: 'test695c759aaeb77de8929cc684@example.com',
      role: 'user'
    }" (type Object) at path "userId" because of "BSONError"

    [0m [90m 89 |[39m     })[33m;[39m
     [90m 90 |[39m   } [36mcatch[39m (err) {
    [31m[1m>[22m[39m[90m 91 |[39m     console[33m.[39merror([32m'Error blacklisting token:'[39m[33m,[39m err[33m.[39mmessage)[33m;[39m
     [90m    |[39m             [31m[1m^[22m[39m
     [90m 92 |[39m   }
     [90m 93 |[39m }[33m;[39m
     [90m 94 |[39m[0m

      at error (src/utils/tokenUtils.js:91:13)
          at async Promise.all (index 0)
      at logoutUser (src/utils/tokenUtils.js:121:5)
      at src/routes/tokenRoutes.js:43:5

  console.error
    Error blacklisting token: TokenBlacklist validation failed: userId: Cast to ObjectId failed for value "{
      userId: '695c759aaeb77de8929cc684',
      email: 'test695c759aaeb77de8929cc684@example.com',
      role: 'user'
    }" (type Object) at path "userId" because of "BSONError"

    [0m [90m 89 |[39m     })[33m;[39m
     [90m 90 |[39m   } [36mcatch[39m (err) {
    [31m[1m>[22m[39m[90m 91 |[39m     console[33m.[39merror([32m'Error blacklisting token:'[39m[33m,[39m err[33m.[39mmessage)[33m;[39m
     [90m    |[39m             [31m[1m^[22m[39m
     [90m 92 |[39m   }
     [90m 93 |[39m }[33m;[39m
     [90m 94 |[39m[0m

      at error (src/utils/tokenUtils.js:91:13)
          at async Promise.all (index 1)
      at logoutUser (src/utils/tokenUtils.js:121:5)
      at src/routes/tokenRoutes.js:43:5

  console.error
    Error: UnauthorizedError: No token provided
        at verifyToken (C:\Users\ASUS\Desktop\chuyende\BE\src\middleware\auth.js:12:23)
        at Layer.handleRequest (C:\Users\ASUS\Desktop\chuyende\BE\node_modules\router\lib\layer.js:152:17)
        at next (C:\Users\ASUS\Desktop\chuyende\BE\node_modules\router\lib\route.js:157:13)
        at Route.dispatch (C:\Users\ASUS\Desktop\chuyende\BE\node_modules\router\lib\route.js:117:3)
        at handle (C:\Users\ASUS\Desktop\chuyende\BE\node_modules\router\index.js:435:11)
        at Layer.handleRequest (C:\Users\ASUS\Desktop\chuyende\BE\node_modules\router\lib\layer.js:152:17)
        at C:\Users\ASUS\Desktop\chuyende\BE\node_modules\router\index.js:295:15
        at processParams (C:\Users\ASUS\Desktop\chuyende\BE\node_modules\router\index.js:582:12)
        at next (C:\Users\ASUS\Desktop\chuyende\BE\node_modules\router\index.js:291:5)
        at Function.handle (C:\Users\ASUS\Desktop\chuyende\BE\node_modules\router\index.js:186:3)
        at router (C:\Users\ASUS\Desktop\chuyende\BE\node_modules\router\index.js:60:12)
        at Layer.handleRequest (C:\Users\ASUS\Desktop\chuyende\BE\node_modules\router\lib\layer.js:152:17)
        at trimPrefix (C:\Users\ASUS\Desktop\chuyende\BE\node_modules\router\index.js:342:13)
        at C:\Users\ASUS\Desktop\chuyende\BE\node_modules\router\index.js:297:9
        at processParams (C:\Users\ASUS\Desktop\chuyende\BE\node_modules\router\index.js:582:12)
        at next (C:\Users\ASUS\Desktop\chuyende\BE\node_modules\router\index.js:291:5)
        at C:\Users\ASUS\Desktop\chuyende\BE\node_modules\body-parser\lib\read.js:172:5
        at AsyncResource.runInAsyncScope (node:async_hooks:214:14)
        at invokeCallback (C:\Users\ASUS\Desktop\chuyende\BE\node_modules\raw-body\index.js:238:16)
        at done (C:\Users\ASUS\Desktop\chuyende\BE\node_modules\raw-body\index.js:227:7)
        at IncomingMessage.onEnd (C:\Users\ASUS\Desktop\chuyende\BE\node_modules\raw-body\index.js:287:7)
        at IncomingMessage.emit (node:events:518:28)
        at endReadableNT (node:internal/streams/readable:1698:12)
        at processTicksAndRejections (node:internal/process/task_queues:90:21) {
      statusCode: 401,
      errorCode: 'UNAUTHORIZED',
      isOperational: true
    }

    [0m [90m 43 |[39m [90m// Centralized error handler[39m
     [90m 44 |[39m [36mconst[39m errorHandler [33m=[39m (err[33m,[39m _req[33m,[39m res[33m,[39m _next) [33m=>[39m {
    [31m[1m>[22m[39m[90m 45 |[39m   console[33m.[39merror([32m'Error:'[39m[33m,[39m err)[33m;[39m
     [90m    |[39m           [31m[1m^[22m[39m
     [90m 46 |[39m
     [90m 47 |[39m   [90m// Default values[39m
     [90m 48 |[39m   [36mlet[39m statusCode [33m=[39m err[33m.[39mstatusCode [33m||[39m [35m500[39m[33m;[39m[0m

      at error (src/middleware/errorHandler.js:45:11)
      at Layer.handleError (node_modules/router/lib/layer.js:116:17)
      at trimPrefix (node_modules/router/index.js:340:13)
      at node_modules/router/index.js:297:9
      at processParams (node_modules/router/index.js:582:12)
      at Immediate.next (node_modules/router/index.js:291:5)
      at Immediate._onImmediate (node_modules/router/index.js:688:15)

  console.error
    Error: JsonWebTokenError {
      name: 'JsonWebTokenError',
      message: 'invalid token'
    }

    [0m [90m 43 |[39m [90m// Centralized error handler[39m
     [90m 44 |[39m [36mconst[39m errorHandler [33m=[39m (err[33m,[39m _req[33m,[39m res[33m,[39m _next) [33m=>[39m {
    [31m[1m>[22m[39m[90m 45 |[39m   console[33m.[39merror([32m'Error:'[39m[33m,[39m err)[33m;[39m
     [90m    |[39m           [31m[1m^[22m[39m
     [90m 46 |[39m
     [90m 47 |[39m   [90m// Default values[39m
     [90m 48 |[39m   [36mlet[39m statusCode [33m=[39m err[33m.[39mstatusCode [33m||[39m [35m500[39m[33m;[39m[0m

      at error (src/middleware/errorHandler.js:45:11)
      at Layer.handleError (node_modules/router/lib/layer.js:116:17)
      at trimPrefix (node_modules/router/index.js:340:13)
      at node_modules/router/index.js:297:9
      at processParams (node_modules/router/index.js:582:12)
      at Immediate.next (node_modules/router/index.js:291:5)
      at Immediate._onImmediate (node_modules/router/index.js:688:15)

  console.error
    Error: UnauthorizedError: Refresh token required for logout
        at C:\Users\ASUS\Desktop\chuyende\BE\src\routes\tokenRoutes.js:39:13
        at Layer.handleRequest (C:\Users\ASUS\Desktop\chuyende\BE\node_modules\router\lib\layer.js:152:17)
        at next (C:\Users\ASUS\Desktop\chuyende\BE\node_modules\router\lib\route.js:157:13)
        at next (C:\Users\ASUS\Desktop\chuyende\BE\src\middleware\auth.js:22:5)
        at processTicksAndRejections (node:internal/process/task_queues:105:5) {
      statusCode: 401,
      errorCode: 'UNAUTHORIZED',
      isOperational: true
    }

    [0m [90m 43 |[39m [90m// Centralized error handler[39m
     [90m 44 |[39m [36mconst[39m errorHandler [33m=[39m (err[33m,[39m _req[33m,[39m res[33m,[39m _next) [33m=>[39m {
    [31m[1m>[22m[39m[90m 45 |[39m   console[33m.[39merror([32m'Error:'[39m[33m,[39m err)[33m;[39m
     [90m    |[39m           [31m[1m^[22m[39m
     [90m 46 |[39m
     [90m 47 |[39m   [90m// Default values[39m
     [90m 48 |[39m   [36mlet[39m statusCode [33m=[39m err[33m.[39mstatusCode [33m||[39m [35m500[39m[33m;[39m[0m

      at error (src/middleware/errorHandler.js:45:11)
      at Layer.handleError (node_modules/router/lib/layer.js:116:17)
      at trimPrefix (node_modules/router/index.js:340:13)
      at node_modules/router/index.js:297:9
      at processParams (node_modules/router/index.js:582:12)
      at Immediate.next (node_modules/router/index.js:291:5)
      at Immediate._onImmediate (node_modules/router/index.js:688:15)

  console.log
    Γ£à Test database disconnected

      at log (tests/setup.js:30:13)

FAIL tests/auth.test.js
  Authentication Tests
    POST /api/users/register
      ΓêÜ should register a new user successfully (120 ms)
      ├ù should fail on duplicate email (91 ms)
      ├ù should fail on password mismatch (84 ms)
      ΓêÜ should fail on weak password (18 ms)
      ΓêÜ should fail on missing required fields (16 ms)
    POST /api/users/login
      ΓêÜ should login successfully with correct credentials (136 ms)
      ├ù should fail with wrong password (139 ms)
      ├ù should fail with non-existent email (83 ms)
      ├ù should fail if account is locked (76 ms)
      ├ù should fail on missing email or password (72 ms)
    POST /api/tokens/refresh
      ├ù should refresh token successfully with valid refresh token (76 ms)
      ΓêÜ should fail with invalid refresh token (17 ms)
      ├ù should fail with missing refresh token (17 ms)
      ├ù should fail if refresh token is blacklisted (69 ms)
    POST /api/tokens/logout
      ├ù should logout successfully and blacklist tokens (79 ms)
      ├ù should fail without access token (70 ms)
      ΓêÜ should fail with invalid access token (19 ms)
      ├ù should fail without refresh token in body (76 ms)

  ΓùÅ Authentication Tests ΓÇ║ POST /api/users/register ΓÇ║ should fail on duplicate email

    expect(received).toBe(expected) // Object.is equality

    Expected: "USER_ALREADY_EXISTS"
    Received: "CONFLICT"

    [0m [90m 76 |[39m       expect(res[33m.[39mstatus)[33m.[39mtoBe([35m409[39m)[33m;[39m
     [90m 77 |[39m       
expect(res[33m.[39mbody[33m.[39msuccess)[33m.[39mtoBe([36mfalse[39m)[33m;[39m
    [31m[1m>[22m[39m[90m 78 |[39m       expect(res[33m.[39mbody[33m.[39merror[33m.[39mcode)[33m.[39
mtoBe([32m'USER_ALREADY_EXISTS'[39m)[33m;[39m
     [90m    |[39m                                   [31m[1m^[22m[39m
     [90m 79 |[39m     })[33m;[39m
     [90m 80 |[39m
     [90m 81 |[39m     it([32m'should fail on password mismatch'[39m[33m,[39m [36masync[39m () 
[33m=>[39m {[0m

      at Object.toBe (tests/auth.test.js:78:35)

  ΓùÅ Authentication Tests ΓÇ║ POST /api/users/register ΓÇ║ should fail on password mismatch

    expect(received).toBe(expected) // Object.is equality

    Expected: 400
    Received: 201

    [0m [90m 91 |[39m         })[33m;[39m
     [90m 92 |[39m
    [31m[1m>[22m[39m[90m 93 |[39m       
expect(res[33m.[39mstatus)[33m.[39mtoBe([35m400[39m)[33m;[39m
     [90m    |[39m                          [31m[1m^[22m[39m
     [90m 94 |[39m       
expect(res[33m.[39mbody[33m.[39msuccess)[33m.[39mtoBe([36mfalse[39m)[33m;[39m
     [90m 95 |[39m     })[33m;[39m
     [90m 96 |[39m[0m

      at Object.toBe (tests/auth.test.js:93:26)

  ΓùÅ Authentication Tests ΓÇ║ POST /api/users/login ΓÇ║ should fail with wrong password

    expect(received).toBe(expected) // Object.is equality

    Expected: "INVALID_CREDENTIALS"
    Received: "UNAUTHORIZED"

    [0m [90m 160 |[39m       expect(res[33m.[39mstatus)[33m.[39mtoBe([35m401[39m)[33m;[39m
     [90m 161 |[39m       
expect(res[33m.[39mbody[33m.[39msuccess)[33m.[39mtoBe([36mfalse[39m)[33m;[39m
    [31m[1m>[22m[39m[90m 162 |[39m       expect(res[33m.[39mbody[33m.[39merror[33m.[39mcode)[33m.[3
9mtoBe([32m'INVALID_CREDENTIALS'[39m)[33m;[39m
     [90m     |[39m                                   [31m[1m^[22m[39m
     [90m 163 |[39m     })[33m;[39m
     [90m 164 |[39m
     [90m 165 |[39m     it([32m'should fail with non-existent email'[39m[33m,[39m [36masync[39m () 
[33m=>[39m {[0m

      at Object.toBe (tests/auth.test.js:162:35)

  ΓùÅ Authentication Tests ΓÇ║ POST /api/users/login ΓÇ║ should fail with non-existent email

    expect(received).toBe(expected) // Object.is equality

    Expected: "INVALID_CREDENTIALS"
    Received: "UNAUTHORIZED"

    [0m [90m 173 |[39m       expect(res[33m.[39mstatus)[33m.[39mtoBe([35m401[39m)[33m;[39m
     [90m 174 |[39m       
expect(res[33m.[39mbody[33m.[39msuccess)[33m.[39mtoBe([36mfalse[39m)[33m;[39m
    [31m[1m>[22m[39m[90m 175 |[39m       expect(res[33m.[39mbody[33m.[39merror[33m.[39mcode)[33m.[3
9mtoBe([32m'INVALID_CREDENTIALS'[39m)[33m;[39m
     [90m     |[39m                                   [31m[1m^[22m[39m
     [90m 176 |[39m     })[33m;[39m
     [90m 177 |[39m
     [90m 178 |[39m     it([32m'should fail if account is locked'[39m[33m,[39m [36masync[39m () 
[33m=>[39m {[0m

      at Object.toBe (tests/auth.test.js:175:35)

  ΓùÅ Authentication Tests ΓÇ║ POST /api/users/login ΓÇ║ should fail if account is locked

    expect(received).toBe(expected) // Object.is equality

    Expected: 403
    Received: 429

    [0m [90m 188 |[39m         })[33m;[39m
     [90m 189 |[39m
    [31m[1m>[22m[39m[90m 190 |[39m       
expect(res[33m.[39mstatus)[33m.[39mtoBe([35m403[39m)[33m;[39m
     [90m     |[39m                          [31m[1m^[22m[39m
     [90m 191 |[39m       
expect(res[33m.[39mbody[33m.[39msuccess)[33m.[39mtoBe([36mfalse[39m)[33m;[39m
     [90m 192 |[39m       
expect(res[33m.[39mbody[33m.[39merror[33m.[39mcode)[33m.[39mtoBe([32m'ACCOUNT_LOCKED'[39m)[33m;[39m
     [90m 193 |[39m     })[33m;[39m[0m

      at Object.toBe (tests/auth.test.js:190:26)

  ΓùÅ Authentication Tests ΓÇ║ POST /api/users/login ΓÇ║ should fail on missing email or password

    expect(received).toBe(expected) // Object.is equality

    Expected: 400
    Received: 429

    [0m [90m 201 |[39m         })[33m;[39m
     [90m 202 |[39m
    [31m[1m>[22m[39m[90m 203 |[39m       
expect(res[33m.[39mstatus)[33m.[39mtoBe([35m400[39m)[33m;[39m
     [90m     |[39m                          [31m[1m^[22m[39m
     [90m 204 |[39m       
expect(res[33m.[39mbody[33m.[39msuccess)[33m.[39mtoBe([36mfalse[39m)[33m;[39m
     [90m 205 |[39m     })[33m;[39m
     [90m 206 |[39m   })[33m;[39m[0m

      at Object.toBe (tests/auth.test.js:203:26)

  ΓùÅ Authentication Tests ΓÇ║ POST /api/tokens/refresh ΓÇ║ should refresh token successfully with valid refresh 
token

    expect(received).not.toBe(expected) // Object.is equality

    Expected: not "eyJhbGciOiJIUzI1NiIsInR5cCI6IkpXVCJ9.eyJ1c2VySWQiOnsidXNlcklkIjoiNjk1Yzc1OWFhZWI3N2RlODkyOWNjN
jY5IiwiZW1haWwiOiJ0ZXN0Njk1Yzc1OWFhZWI3N2RlODkyOWNjNjY5QGV4YW1wbGUuY29tIiwicm9sZSI6InVzZXIifSwidHlwZSI6ImFjY2Vzcy
IsImlhdCI6MTc2NzY2NzA5OCwiZXhwIjoxNzY3NjY3OTk4fQ.nZ8zC9jL3MzsUvwi0INm6hOtfFw0BA0_FmTE-b-1cy4"

    [0m [90m 220 |[39m       
expect(res[33m.[39mbody[33m.[39mdata)[33m.[39mtoHaveProperty([32m'accessToken'[39m)[33m;[39m
     [90m 221 |[39m       
expect(res[33m.[39mbody[33m.[39mdata)[33m.[39mtoHaveProperty([32m'refreshToken'[39m)[33m;[39m
    [31m[1m>[22m[39m[90m 222 |[39m       expect(res[33m.[39mbody[33m.[39mdata[33m.[39maccessToken)[3
3m.[39mnot[33m.[39mtoBe(tokens[33m.[39maccessToken)[33m;[39m
     [90m     |[39m                                             [31m[1m^[22m[39m
     [90m 223 |[39m     })[33m;[39m
     [90m 224 |[39m
     [90m 225 |[39m     it([32m'should fail with invalid refresh token'[39m[33m,[39m [36masync[39m () 
[33m=>[39m {[0m

      at Object.toBe (tests/auth.test.js:222:45)

  ΓùÅ Authentication Tests ΓÇ║ POST /api/tokens/refresh ΓÇ║ should fail with missing refresh token

    expect(received).toBe(expected) // Object.is equality

    Expected: 400
    Received: 401

    [0m [90m 240 |[39m         [33m.[39msend({})[33m;[39m
     [90m 241 |[39m
    [31m[1m>[22m[39m[90m 242 |[39m       
expect(res[33m.[39mstatus)[33m.[39mtoBe([35m400[39m)[33m;[39m
     [90m     |[39m                          [31m[1m^[22m[39m
     [90m 243 |[39m       
expect(res[33m.[39mbody[33m.[39msuccess)[33m.[39mtoBe([36mfalse[39m)[33m;[39m
     [90m 244 |[39m     })[33m;[39m
     [90m 245 |[39m[0m

      at Object.toBe (tests/auth.test.js:242:26)

  ΓùÅ Authentication Tests ΓÇ║ POST /api/tokens/refresh ΓÇ║ should fail if refresh token is blacklisted

    ValidationError: TokenBlacklist validation failed: userId: Path `userId` is required., type: `refresh` is 
not a valid enum value for path `type`.

    [0m [90m 248 |[39m
     [90m 249 |[39m       [90m// Blacklist the refresh token[39m
    [31m[1m>[22m[39m[90m 250 |[39m       [36mawait[39m [33mTokenBlacklist[39m[33m.[39mcreate({
     [90m     |[39m       [31m[1m^[22m[39m
     [90m 251 |[39m         token[33m:[39m tokens[33m.[39mrefreshToken[33m,[39m
     [90m 252 |[39m         type[33m:[39m [32m'refresh'[39m[33m,[39m
     [90m 253 |[39m         expiresAt[33m:[39m [36mnew[39m [33mDate[39m([33mDate[39m[33m.[39mnow() 
[33m+[39m [35m7[39m [33m*[39m [35m24[39m [33m*[39m [35m60[39m [33m*[39m [35m60[39m [33m*[39m 
[35m1000[39m)[0m

      at model.Document.invalidate (node_modules/mongoose/lib/document.js:3377:32)
      at validatePath (node_modules/mongoose/lib/document.js:3152:13)
          at async Promise.all (index 0)
      at model.$__validate (node_modules/mongoose/lib/document.js:3093:3)
      at model.validate (node_modules/mongoose/lib/document.js:2670:5)
      at model.validateBeforeSave (node_modules/mongoose/lib/plugins/validateBeforeSave.js:34:7)
      at Kareem.execPre (node_modules/kareem/index.js:65:24)
      at model.$__save (node_modules/mongoose/lib/model.js:369:5)
      at model.save (node_modules/mongoose/lib/model.js:609:5)
      at node_modules/mongoose/lib/model.js:2722:9
          at async Promise.all (index 0)
      at Function.create (node_modules/mongoose/lib/model.js:2707:11)
      at Object.<anonymous> (tests/auth.test.js:250:7)

  ΓùÅ Authentication Tests ΓÇ║ POST /api/tokens/logout ΓÇ║ should logout successfully and blacklist tokens

    expect(received).toBeTruthy()

    Received: null

    [0m [90m 284 |[39m         token[33m:[39m tokens[33m.[39mrefreshToken
     [90m 285 |[39m       })[33m;[39m
    [31m[1m>[22m[39m[90m 286 |[39m       expect(blacklisted)[33m.[39mtoBeTruthy()[33m;[39m
     [90m     |[39m                           [31m[1m^[22m[39m
     [90m 287 |[39m     })[33m;[39m
     [90m 288 |[39m
     [90m 289 |[39m     it([32m'should fail without access token'[39m[33m,[39m [36masync[39m () 
[33m=>[39m {[0m

      at Object.toBeTruthy (tests/auth.test.js:286:27)

  ΓùÅ Authentication Tests ΓÇ║ POST /api/tokens/logout ΓÇ║ should fail without access token

    expect(received).toBe(expected) // Object.is equality

    Expected: "MISSING_TOKEN"
    Received: "UNAUTHORIZED"

    [0m [90m 298 |[39m       expect(res[33m.[39mstatus)[33m.[39mtoBe([35m401[39m)[33m;[39m
     [90m 299 |[39m       
expect(res[33m.[39mbody[33m.[39msuccess)[33m.[39mtoBe([36mfalse[39m)[33m;[39m
    [31m[1m>[22m[39m[90m 300 |[39m       
expect(res[33m.[39mbody[33m.[39merror[33m.[39mcode)[33m.[39mtoBe([32m'MISSING_TOKEN'[39m)[33m;[39m
     [90m     |[39m                                   [31m[1m^[22m[39m
     [90m 301 |[39m     })[33m;[39m
     [90m 302 |[39m
     [90m 303 |[39m     it([32m'should fail with invalid access token'[39m[33m,[39m [36masync[39m () 
[33m=>[39m {[0m

      at Object.toBe (tests/auth.test.js:300:35)

  ΓùÅ Authentication Tests ΓÇ║ POST /api/tokens/logout ΓÇ║ should fail without refresh token in body

    expect(received).toBe(expected) // Object.is equality

    Expected: 400
    Received: 401

    [0m [90m 322 |[39m         [33m.[39msend({})[33m;[39m
     [90m 323 |[39m
    [31m[1m>[22m[39m[90m 324 |[39m       
expect(res[33m.[39mstatus)[33m.[39mtoBe([35m400[39m)[33m;[39m
     [90m     |[39m                          [31m[1m^[22m[39m
     [90m 325 |[39m       
expect(res[33m.[39mbody[33m.[39msuccess)[33m.[39mtoBe([36mfalse[39m)[33m;[39m
     [90m 326 |[39m     })[33m;[39m
     [90m 327 |[39m   })[33m;[39m[0m

      at Object.toBe (tests/auth.test.js:324:26)

  console.log
    [dotenv@17.2.3] injecting env (7) from .env -- tip: ≡ƒæÑ sync secrets across teammates & machines: https://dotenvx.com/ops

      at _log (node_modules/dotenv/lib/main.js:142:11)

  console.log
    Γ£à All required environment variables are present

      at log (src/config/environment.js:42:11)

  console.log
    Γ£à Test database connected

      at log (tests/setup.js:17:13)

  console.log
    Γ£à Test database disconnected

      at log (tests/setup.js:30:13)

FAIL tests/checkout.test.js
  Checkout & Order Tests
    POST /api/orders/checkout
      ├ù should create order successfully with valid cart (107 ms)
      ├ù should decrement stock for all products in order (80 ms)
      ├ù should fail if cart is empty (79 ms)
      ├ù should fail if product is out of stock (83 ms)
      ├ù should support multiple payment methods (149 ms)
      ├ù should fail with missing shipping address (83 ms)
      ├ù should generate unique order code (75 ms)
    GET /api/orders
      ├ù should return user orders (85 ms)
      ├ù should return empty array if user has no orders (77 ms)
      ├ù should fail without authentication (78 ms)
    GET /api/orders/:orderId
      ├ù should return order detail for user order (81 ms)
      ├ù should fail if user accesses other user order (135 ms)
      ├ù should fail with invalid order ID (75 ms)

  ΓùÅ Checkout & Order Tests ΓÇ║ POST /api/orders/checkout ΓÇ║ should create order successfully with valid cart

    expect(received).toBe(expected) // Object.is equality

    Expected: 201
    Received: 404

    [0m [90m 84 |[39m         })[33m;[39m
     [90m 85 |[39m
    [31m[1m>[22m[39m[90m 86 |[39m       
expect(res[33m.[39mstatus)[33m.[39mtoBe([35m201[39m)[33m;[39m
     [90m    |[39m                          [31m[1m^[22m[39m
     [90m 87 |[39m       expect(res[33m.[39mbody[33m.[39msuccess)[33m.[39mtoBe([36mtrue[39m)[33m;[39m
     [90m 88 |[39m       
expect(res[33m.[39mbody[33m.[39mdata[33m.[39morder)[33m.[39mtoHaveProperty([32m'_id'[39m)[33m;[39m
     [90m 89 |[39m       expect(res[33m.[39mbody[33m.[39mdata[33m.[39morder)[33m.[39mtoHaveProperty([3
2m'orderCode'[39m)[33m;[39m[0m

      at Object.toBe (tests/checkout.test.js:86:26)

  ΓùÅ Checkout & Order Tests ΓÇ║ POST /api/orders/checkout ΓÇ║ should decrement stock for all products in order

    expect(received).toBe(expected) // Object.is equality

    Expected: 201
    Received: 404

    [0m [90m 118 |[39m         })[33m;[39m
     [90m 119 |[39m
    [31m[1m>[22m[39m[90m 120 |[39m       
expect(res[33m.[39mstatus)[33m.[39mtoBe([35m201[39m)[33m;[39m
     [90m     |[39m                          [31m[1m^[22m[39m
     [90m 121 |[39m
     [90m 122 |[39m       [90m// Verify stock is decremented[39m
     [90m 123 |[39m       [36mconst[39m updatedProduct [33m=[39m [36mawait[39m 
[33mProduct[39m[33m.[39mfindById(product1[33m.[39m_id)[33m;[39m[0m

      at Object.toBe (tests/checkout.test.js:120:26)

  ΓùÅ Checkout & Order Tests ΓÇ║ POST /api/orders/checkout ΓÇ║ should fail if cart is empty

    expect(received).toBe(expected) // Object.is equality

    Expected: 400
    Received: 404

    [0m [90m 134 |[39m         })[33m;[39m
     [90m 135 |[39m
    [31m[1m>[22m[39m[90m 136 |[39m       
expect(res[33m.[39mstatus)[33m.[39mtoBe([35m400[39m)[33m;[39m
     [90m     |[39m                          [31m[1m^[22m[39m
     [90m 137 |[39m       
expect(res[33m.[39mbody[33m.[39msuccess)[33m.[39mtoBe([36mfalse[39m)[33m;[39m
     [90m 138 |[39m       
expect(res[33m.[39mbody[33m.[39merror[33m.[39mcode)[33m.[39mtoBe([32m'EMPTY_CART'[39m)[33m;[39m
     [90m 139 |[39m     })[33m;[39m[0m

      at Object.toBe (tests/checkout.test.js:136:26)

  ΓùÅ Checkout & Order Tests ΓÇ║ POST /api/orders/checkout ΓÇ║ should fail if product is out of stock

    expect(received).toBe(expected) // Object.is equality

    Expected: 400
    Received: 404

    [0m [90m 162 |[39m         })[33m;[39m
     [90m 163 |[39m
    [31m[1m>[22m[39m[90m 164 |[39m       
expect(res[33m.[39mstatus)[33m.[39mtoBe([35m400[39m)[33m;[39m
     [90m     |[39m                          [31m[1m^[22m[39m
     [90m 165 |[39m       
expect(res[33m.[39mbody[33m.[39msuccess)[33m.[39mtoBe([36mfalse[39m)[33m;[39m
     [90m 166 |[39m       expect(res[33m.[39mbody[33m.[39merror[33m.[39mcode)[33m.[39mtoBe([32m'INSUFF
ICIENT_STOCK'[39m)[33m;[39m
     [90m 167 |[39m     })[33m;[39m[0m

      at Object.toBe (tests/checkout.test.js:164:26)

  ΓùÅ Checkout & Order Tests ΓÇ║ POST /api/orders/checkout ΓÇ║ should support multiple payment methods

    expect(received).toBe(expected) // Object.is equality

    Expected: 201
    Received: 404

    [0m [90m 201 |[39m           })[33m;[39m
     [90m 202 |[39m
    [31m[1m>[22m[39m[90m 203 |[39m         
expect(res[33m.[39mstatus)[33m.[39mtoBe([35m201[39m)[33m;[39m
     [90m     |[39m                            [31m[1m^[22m[39m
     [90m 204 |[39m         expect(res[33m.[39mbody[33m.[39mdata[33m.[39morder[33m.[39mpaymentMethod)[
33m.[39mtoBe(method)[33m;[39m
     [90m 205 |[39m       }
     [90m 206 |[39m     })[33m;[39m[0m

      at Object.toBe (tests/checkout.test.js:203:28)

  ΓùÅ Checkout & Order Tests ΓÇ║ POST /api/orders/checkout ΓÇ║ should fail with missing shipping address

    expect(received).toBe(expected) // Object.is equality

    Expected: 400
    Received: 404

    [0m [90m 225 |[39m         })[33m;[39m
     [90m 226 |[39m
    [31m[1m>[22m[39m[90m 227 |[39m       
expect(res[33m.[39mstatus)[33m.[39mtoBe([35m400[39m)[33m;[39m
     [90m     |[39m                          [31m[1m^[22m[39m
     [90m 228 |[39m       
expect(res[33m.[39mbody[33m.[39msuccess)[33m.[39mtoBe([36mfalse[39m)[33m;[39m
     [90m 229 |[39m     })[33m;[39m
     [90m 230 |[39m[0m

      at Object.toBe (tests/checkout.test.js:227:26)

  ΓùÅ Checkout & Order Tests ΓÇ║ POST /api/orders/checkout ΓÇ║ should generate unique order code

    TypeError: Cannot read properties of undefined (reading 'order')

    [0m [90m 248 |[39m         })[33m;[39m
     [90m 249 |[39m
    [31m[1m>[22m[39m[90m 250 |[39m       [36mconst[39m orderCode1 [33m=[39m 
res1[33m.[39mbody[33m.[39mdata[33m.[39morder[33m.[39morderCode[33m;[39m
     [90m     |[39m                                         [31m[1m^[22m[39m
     [90m 251 |[39m
     [90m 252 |[39m       [90m// Create another user and order[39m
     [90m 253 |[39m       [36mconst[39m authUser2 [33m=[39m [36mawait[39m 
createAuthenticatedUser()[33m;[39m[0m

      at Object.order (tests/checkout.test.js:250:41)

  ΓùÅ Checkout & Order Tests ΓÇ║ GET /api/orders ΓÇ║ should return user orders

    expect(received).toBe(expected) // Object.is equality

    Expected: 200
    Received: 404

    [0m [90m 294 |[39m         [33m.[39m[36mset[39m([32m'Authorization'[39m[33m,[39m [32m`Bearer 
${authUser.tokens.accessToken}`[39m)[33m;[39m
     [90m 295 |[39m
    [31m[1m>[22m[39m[90m 296 |[39m       
expect(res[33m.[39mstatus)[33m.[39mtoBe([35m200[39m)[33m;[39m
     [90m     |[39m                          [31m[1m^[22m[39m
     [90m 297 |[39m       
expect(res[33m.[39mbody[33m.[39msuccess)[33m.[39mtoBe([36mtrue[39m)[33m;[39m
     [90m 298 |[39m       expect(res[33m.[39mbody[33m.[39mdata[33m.[39morders[33m.[39mlength)[33m.[39
mtoBeGreaterThan([35m0[39m)[33m;[39m
     [90m 299 |[39m       expect(res[33m.[39mbody[33m.[39mdata[33m.[39morders[[35m0[39m][33m.[39muser
Id)[33m.[39mtoBe(authUser[33m.[39muser[33m.[39m_id[33m.[39mtoString())[33m;[39m[0m

      at Object.toBe (tests/checkout.test.js:296:26)

  ΓùÅ Checkout & Order Tests ΓÇ║ GET /api/orders ΓÇ║ should return empty array if user has no orders

    expect(received).toBe(expected) // Object.is equality

    Expected: 200
    Received: 404

    [0m [90m 305 |[39m         [33m.[39m[36mset[39m([32m'Authorization'[39m[33m,[39m [32m`Bearer 
${authUser.tokens.accessToken}`[39m)[33m;[39m
     [90m 306 |[39m
    [31m[1m>[22m[39m[90m 307 |[39m       
expect(res[33m.[39mstatus)[33m.[39mtoBe([35m200[39m)[33m;[39m
     [90m     |[39m                          [31m[1m^[22m[39m
     [90m 308 |[39m       
expect(res[33m.[39mbody[33m.[39msuccess)[33m.[39mtoBe([36mtrue[39m)[33m;[39m
     [90m 309 |[39m       
expect(res[33m.[39mbody[33m.[39mdata[33m.[39morders)[33m.[39mtoEqual([])[33m;[39m
     [90m 310 |[39m     })[33m;[39m[0m

      at Object.toBe (tests/checkout.test.js:307:26)

  ΓùÅ Checkout & Order Tests ΓÇ║ GET /api/orders ΓÇ║ should fail without authentication

    expect(received).toBe(expected) // Object.is equality

    Expected: 401
    Received: 404

    [0m [90m 314 |[39m         [33m.[39m[36mget[39m([32m'/api/orders'[39m)[33m;[39m
     [90m 315 |[39m
    [31m[1m>[22m[39m[90m 316 |[39m       
expect(res[33m.[39mstatus)[33m.[39mtoBe([35m401[39m)[33m;[39m
     [90m     |[39m                          [31m[1m^[22m[39m
     [90m 317 |[39m       
expect(res[33m.[39mbody[33m.[39msuccess)[33m.[39mtoBe([36mfalse[39m)[33m;[39m
     [90m 318 |[39m     })[33m;[39m
     [90m 319 |[39m   })[33m;[39m[0m

      at Object.toBe (tests/checkout.test.js:316:26)

  ΓùÅ Checkout & Order Tests ΓÇ║ GET /api/orders/:orderId ΓÇ║ should return order detail for user order

    TypeError: Cannot read properties of undefined (reading 'order')

    [0m [90m 339 |[39m         })[33m;[39m
     [90m 340 |[39m
    [31m[1m>[22m[39m[90m 341 |[39m       [36mconst[39m orderId [33m=[39m 
checkoutRes[33m.[39mbody[33m.[39mdata[33m.[39morder[33m.[39m_id[33m;[39m
     [90m     |[39m                                             [31m[1m^[22m[39m
     [90m 342 |[39m
     [90m 343 |[39m       [36mconst[39m res [33m=[39m [36mawait[39m request(app)
     [90m 344 |[39m         [33m.[39m[36mget[39m([32m`/api/orders/${orderId}`[39m)[0m

      at Object.order (tests/checkout.test.js:341:45)

  ΓùÅ Checkout & Order Tests ΓÇ║ GET /api/orders/:orderId ΓÇ║ should fail if user accesses other user order

    TypeError: Cannot read properties of undefined (reading 'order')

    [0m [90m 373 |[39m         })[33m;[39m
     [90m 374 |[39m
    [31m[1m>[22m[39m[90m 375 |[39m       [36mconst[39m orderId [33m=[39m 
checkoutRes[33m.[39mbody[33m.[39mdata[33m.[39morder[33m.[39m_id[33m;[39m
     [90m     |[39m                                             [31m[1m^[22m[39m
     [90m 376 |[39m
     [90m 377 |[39m       [36mconst[39m res [33m=[39m [36mawait[39m request(app)
     [90m 378 |[39m         [33m.[39m[36mget[39m([32m`/api/orders/${orderId}`[39m)[0m

      at Object.order (tests/checkout.test.js:375:45)

  ΓùÅ Checkout & Order Tests ΓÇ║ GET /api/orders/:orderId ΓÇ║ should fail with invalid order ID

    expect(received).toBe(expected) // Object.is equality

    Expected: false
    Received: undefined

    [0m [90m 390 |[39m
     [90m 391 |[39m       expect(res[33m.[39mstatus)[33m.[39mtoBe([35m400[39m)[33m;[39m
    [31m[1m>[22m[39m[90m 392 |[39m       
expect(res[33m.[39mbody[33m.[39msuccess)[33m.[39mtoBe([36mfalse[39m)[33m;[39m
     [90m     |[39m                                [31m[1m^[22m[39m
     [90m 393 |[39m     })[33m;[39m
     [90m 394 |[39m   })[33m;[39m
     [90m 395 |[39m })[33m;[39m[0m

      at Object.toBe (tests/checkout.test.js:392:32)

Test Suites: 4 failed, 4 total
Tests:       61 failed, 7 passed, 68 total
Snapshots:   0 total
Time:        8.643 s
Ran all test suites.
